border_size=1
usage=map

Xu          , Xu          , Xu          , Xu          , Xu          , Xu          , Xu          , Xu          , Xu          , Xu          , Xu          , Xu          , Xu          , Xu          , Xu          , Xu          , Uu          , Uu          , Uu          , Uu          , Uu          , Uu          , Uu          , Uu          , Uu          , Uu          , Uu          , Uu          , Uu          , Xu          , Xu          , Xu          , Xu          , Xu          , Uu          , Rr          , Rr          , Rr          , Rr          , Uu          , Xu          , Xu          , Xu          , Xu          , Xu          , Xu          , Xu          
Xu          , 1 Xu        , Xu          , Xu          , Xu          , Xu          , Xu          , Xu          , Xu          , Xu          , Xu          , Xu          , Xu          , Xu          , Uh          , Uu          , Uu          , Uu          , Uu          , Uu          , Uu          , Uu          , Uu          , Uu          , Uu          , Uu          , Uu          , Uu          , Uu          , Uu          , Uh          , Xu          , Xu          , Xu          , Uh          , Rr          , Rr          , Rr          , Rr          , Uu          , Xu          , Xu          , Xu          , Xu          , Xu          , Xu          , Uu          
Xu          , Xu          , Xu          , Xu          , Xu          , Xu          , Xu          , Xu          , Xu          , Xu          , Xu          , Xu          , Uh          , Uh          , Uu          , Uu          , Uu          , Uu          , Uu^Vud      , Uu          , Uu          , Uu          , Uu          , Uu          , Uu          , Uu          , Cud         , Uu^Vud      , Uu          , Uu          , Uh          , Uh          , Xu          , Xu          , Uh          , Rr          , Rr          , Rr          , Rr          , Uu          , Xu          , Xu          , Xu          , Xu          , Re          , Uu          , Xu          
Xu          , Xu          , Xu          , Xu          , Xu          , Xu          , Xu          , Xu          , Xu          , Xu          , Xu          , Xu          , Xu          , Uh          , Uu          , Uu          , Uu          , Uu          , Xu          , Xu          , Uu          , Uu          , Uu          , Uu          , Uu          , Cud         , Cud         , 2 Kud       , Uu          , Uu          , Uh          , Uh          , Xu          , Xu          , Uh          , Rr          , Rr          , Rr          , Rr          , Uu^Vud      , Xu          , Xu          , Re          , Re          , Xu          , Xu          , Xu          
Xu          , Xu          , Xu          , Xu          , Xu          , Xu          , Xu          , Xu          , Xu          , Xu          , Xu          , Xu          , Uh          , Uh          , Uu          , Uu          , Uu          , Uu          , Uh          , Xu          , Xu          , Uu          , Uu          , Uu          , Uu          , Uu^Vud      , Uu          , Uu          , Uu          , Uh          , Uh          , Uh          , Xu          , Xu          , Uu          , Rr          , Cud         , Cud         , Cud         , Rr          , Xu          , Re          , Xu          , Xu          , Xu          , Xu          , Xu          
Xu          , Xu          , Xu          , Xu          , Xu          , Xu          , Xu          , Xu          , Xu          , Xu          , Xu          , Xu          , Xu          , Uh          , Uu          , Uu          , Rr          , Uu          , Cud         , Xu          , Xu          , Uu          , Uu          , Uu          , Uh          , Uu          , Uu          , Uu          , Uh          , Uh          , Xu          , Xu          , Xu          , Xu          , Uu          , Rr          , Cud         , Kud         , Cud         , Rr          , Xu          , Xu          , Xu          , Xu          , Xu          , Xu          , Xu          
Xu          , Xu          , Xu          , Xu          , Xu          , Xu          , Xu          , Xu          , Xu          , Xu          , Xu          , Xu          , Xu          , Uh          , Uu^Vud      , Uu          , Rr          , Uu          , Uu          , Xu          , Xu          , Xu          , Xu          , Uh          , Uh          , Uh          , Uh          , Uh          , Xu          , Xu          , Xu          , Xu          , Xu          , Xu          , Uu          , Rr          , Rr          , Cud         , Rr          , Uu          , Xu          , Xu          , Xu          , Xu          , Xu          , Xu          , Xu          
Xu          , Xu          , Xu          , Xu          , Xu          , Xu          , Xu          , Xu          , Xu          , Xu          , Xu          , Xu          , Xu          , Xu          , Xu          , Cud         , Uu          , Rr          , Uu          , Xu          , Xu          , Xu          , Xu          , Xu          , Xu          , Xu          , Xu          , Xu          , Xu          , Xu          , Xu          , Xu          , Xu          , Xu          , Uu^Vud      , Rr          , Rr          , Rr          , Rr          , Uu          , Xu          , Xu          , Xu          , Xu          , Xu          , Xu          , Xu          
Xu          , Xu          , Xu          , Xu          , Xu          , Xu          , Xu          , Xu          , Xu          , Xu          , Xu          , Xu          , Xu          , Xu          , Xu          , Xu          , Xu          , Uu          , Rr          , Uu          , Uu          , Uu          , Uu          , Xu          , Uu^Vud      , Xu          , Xu          , Xu          , Ql          , Xu          , Ql          , Xu          , Xu          , Xu          , Uu          , Rr          , Rr          , Rr          , Rr          , Uu          , Xu          , Xu          , Xu          , Xu          , Xu          , Xu          , Xu          
Xu          , Xu          , Xu          , Xu          , Xu          , Xu          , Xu          , Xu          , Xu          , Xu          , Xu          , Xu          , Xu          , Xu          , Xu          , Xu          , Uu          , Uu          , Uu          , Rr          , Rr          , Uu          , Rr          , Uu          , Uu          , Uu          , Uu          , Uu          , Uu          , Ql          , Xu          , Xu          , Xu          , Xu          , Uu          , Rr          , Rr          , Rr          , Rr          , Uh          , Xu          , Xu          , Xu          , Xu          , Xu          , Xu          , Xu          
Xu          , Xu          , Xu          , Xu          , Uu^Uf       , Xu          , Xu          , Xu          , Xu          , Xu          , Xu          , Xu          , Xu          , Xu          , Uu          , Uu          , Uu          , Uu          , Uu          , Rr          , Rr          , Rr          , Uu          , Uu          , Uu          , Rr          , Rr          , Rr          , Rr          , Uu          , Uu          , Xu          , Xu          , Xu          , Uu          , Rr          , Rr          , Rr          , Rr          , Uh          , Xu          , Xu          , Xu          , Xu          , Xu          , Xu          , Xu          
Xu          , Xu          , Uu^Uf       , Uu^Uf       , Uu          , Uu          , Uu          , Uu          , Uu          , Uu          , Uu          , Uu          , Uu          , Uu          , Uu          , Uu          , Uu          , Uu          , Rr          , Rr          , Uu          , Uu          , Xu          , Xu          , Xu          , Uu          , Uu          , Uu          , Rr          , Rr          , Uu          , Xu          , Xu          , Xu          , Rr          , Rr          , Rr          , Rr          , Uh          , Uh          , Xu          , Xu          , Xu          , Xu          , Xu          , Xu          , Xu          
Xu          , Xu          , Xu          , Uu^Uf       , Xu          , Uu          , Uu          , Uu          , Uu          , Uu          , Uu          , Uu          , Uu          , Uu          , Uu          , Uu          , Uu          , Rr          , Uu          , Uu          , Xu          , Xu          , Xu          , Xu          , Uu          , Xu          , Xu          , Uu          , Rr          , Rr          , Uu          , Xu          , Xu          , Xu          , Cud         , Rr          , Rr          , Uu          , Xu          , Xu          , Xu          , Xu          , Xu          , Xu          , Xu          , Xu          , Xu          
Xu          , Xu          , Xu          , Xu          , Xu          , Xu          , Xu          , Uu          , Xu          , Xu          , Xu          , Xu          , Xu          , Uu          , Uu          , Uu          , Rr          , Uu          , Xu          , Xu          , Xu          , Xu          , Uu          , Uu          , Uu          , Xu          , Xu          , Uu          , Rr          , Rr          , Rr          , Xu          , Rr          , Rr          , Rr          , Cud         , Xu          , Xu          , Xu          , Xu          , Xu          , Xu          , Xu          , Xu          , Xu          , Xu          , Xu          
Xu          , Xu          , Xu          , Xu          , Xu          , Xu          , Xu          , Xu          , Uu^Uf       , Xu          , Uu^Uf       , Xu          , Xu          , Xu          , Uu          , Uu          , Rr          , Uu          , Uu          , Xu          , Uu          , Uu          , Rr          , Uu          , Uu          , Uu          , Xu          , Uu          , Uu          , Rr          , Rr          , Rr          , Rr          , Rr          , Uu          , Rr          , Xu          , Xu          , Xu          , Xu          , Xu          , Xu          , Xu          , Xu          , Xu          , Xu          , Xu          
Xu          , Xu          , Xu          , Xu          , Xu          , Xu          , Uu          , Uu^Uf       , Uu^Uf       , Uu^Uf       , Uu^Uf       , Xu          , Xu          , Xu          , Uu          , Uu          , Rr          , Rr          , Uu          , Uu          , Uu          , Rr          , Rr          , Uu          , Xu          , Uu          , Xu          , Uh          , Uh          , Uu          , Uu          , Rr          , Uu          , Uu          , Xu          , Xu          , Xu          , Xu          , Xu          , Xu          , Xu          , Xu          , Xu          , Xu          , Xu          , Xu          , Xu          
Xu          , Xu          , Xu          , Xu          , Xu          , Xu          , Uu          , Uu          , Uu          , Uu          , Uu^Uf       , Xu          , Xu          , Uu^Vud      , Uu          , Uu          , Uu          , Uu          , Xu          , Xu          , Uu          , Rr          , Rr          , Uu          , Xu          , Uu          , Xu          , Xu          , Xu          , Xu          , Xu          , Uu^Vud      , Xu          , Xu          , Xu          , Xu          , Xu          , Xu          , Xu          , Xu          , Xu          , Xu          , Xu          , Xu          , Xu          , Xu          , Xu          
Xu          , Xu          , Xu          , Xu          , Xu          , Xu          , Uu          , Uu          , Uu          , Uu          , Uu          , Xu          , Xu          , Uu          , Uu          , Rr          , Rr          , Uu          , Xu          , Xu          , Uu          , Rr          , Rr          , Uu          , Xu          , Xu          , Uu          , Uu          , Uu          , Ql          , Ql          , Xu          , Xu          , Xu          , Xu          , Xu          , Xu          , Xu          , Xu          , Xu          , Xu          , Xu          , Xu          , Xu          , Xu          , Xu          , Xu          
Xu          , Xu          , Xu          , Xu          , Uu          , Uu          , Uu          , Uu          , Uu          , Uu          , Uu          , Xu          , Xu          , Xu          , Uu          , Rr          , Rr          , Uu          , Xu          , Xu          , Uu          , Uu          , Uu          , Uu          , Xu          , Uu          , Rr          , Rr          , Rr          , Uu          , Uu          , Ql          , Ql          , Xu          , Xu          , Xu          , Xu          , Xu          , Xu          , Xu          , Xu          , Xu          , Xu          , Xu          , Xu          , Xu          , Xu          
Xu          , Xu          , Xu          , Xu          , Uu          , Uu          , Uu          , Uu          , Uu          , Uu          , Xu          , Xu          , Xu          , Xu          , Xu          , Uu          , Rr          , Uu          , Xu          , Xu          , Uu          , Uu          , Rr          , Uu          , Xu          , Uu          , Uu          , Rr          , Rr          , Rr          , Rr          , Uu          , Uu          , Ql          , Xu          , Xu          , Xu          , Xu          , Xu          , Xu          , Xu          , Xu          , Xu          , Xu          , Xu          , Xu          , Xu          
Xu          , Xu          , Xu          , Xu          , Xu          , Uu          , Uu          , Uu          , Uu          , Uu          , Xu          , Xu          , Uu^Vud      , Xu          , Uu          , Uu          , Rr          , Uu          , Uu          , Xu          , Xu          , Uu          , Uu          , Uu          , Xu          , Uu          , Uu          , Uu          , Uu          , Rr          , Rr          , Rr          , Rr          , Uu          , Uu          , Xu          , Xu          , Xu          , Xu          , Xu          , Xu          , Xu          , Xu          , Xu          , Xu          , Xu          , Xu          
Xu          , Xu          , Xu          , Xu          , Xu          , Xu          , Xu          , Xu          , Xu          , Xu          , Uu          , Xu          , Uu          , Uu          , Uu          , Rr          , Uu          , Uu          , Uu          , Uu          , Uu          , Xu          , Xu          , Uu          , Uh          , Xu          , Xu          , Uu          , Uu          , Uu          , Uu          , Rr          , Rr          , Uu          , Uu          , Xu          , Xu          , Xu          , Xu          , Xu          , Xu          , Xu          , Xu          , Xu          , Xu          , Xu          , Xu          
Xu          , Xu          , Xu          , Xu          , Xu          , Xu          , Ql          , Ql          , Uh          , Uu          , Uu          , Uu          , Uu          , Rr          , Uu          , Rr          , Uu          , Uu^Vud      , Xu          , Xu          , Xu          , Uu          , Uu          , Xu          , Uh          , Uh          , Xu          , Ql          , Ql          , Uu          , Uu          , Rr          , Rr          , Uu          , Uu          , Uu          , Xu          , Xu          , Xu          , Xu          , Xu          , Xu          , Xu          , Xu          , Xu          , Xu          , Xu          
Xu          , Xu          , Xu          , Xu          , Xu          , Xu          , Xu          , Xu          , Uh          , Uu          , Uu          , Uu          , Xu          , Uu          , Uu          , Rr          , Uu          , Xu          , Xu          , Xu          , Xu          , Xu          , Xu          , Uh          , Xu          , Xu          , Xu          , Xu          , Xu          , Uu          , Uu          , Rr          , Rr          , Rr          , Uu          , Uu          , Xu          , Xu          , Xu          , Xu          , Xu          , Xu          , Xu          , Xu          , Xu          , Xu          , Xu          
Xu          , Xu          , Xu          , Xu          , Xu          , Xu          , Uh          , Xu          , Xu          , Xu          , Xu          , Xu          , Xu          , Xu          , Uu          , Rr          , Uu          , Xu          , Xu          , Xu          , Xu          , Xu          , Xu          , Xu          , Uh          , Uh          , Uh          , Xu          , Xu          , Ql          , Ql          , Uu          , Rr          , Rr          , Uu          , Ql          , Xu          , Xu          , Xu          , Xu          , Xu          , Xu          , Xu          , Xu          , Xu          , Xu          , Xu          
Xu          , Xu          , Uh          , Xu          , Xu          , Xu          , Xu          , Uh          , Uh          , Uh          , Uh          , Uh          , Xu          , Uu          , Uu          , Rr          , Rr          , Uu          , Uu          , Xu          , Xu          , Xu          , Uh          , Uh          , Uu          , Uh          , Uh          , Uh          , Uh          , Xu          , Ql          , Uu          , Rr          , Rr          , Uu          , Ql          , Xu          , Xu          , Xu          , Xu          , Xu          , Xu          , Xu          , Xu          , Xu          , Xu          , Xu          
Uh          , Uh          , Uh          , Uh          , Uu          , Uu^Vud      , Uu          , Uu          , Uu          , Uh          , Uh          , Uh          , Xu          , Xu          , Xu          , Uu          , Uu          , Rr          , Rr          , Uu          , Uu          , Uu          , Uu          , Uu          , Uu          , Uu          , Uh          , Uh          , Uh          , Xu          , Ql          , Uu          , Rr          , Rr          , Uu          , Ql          , Xu          , Xu          , Xu          , Xu          , Xu          , Xu          , Xu          , Xu          , Xu          , Xu          , Xu          
Uh          , Uh          , Uu          , Uu          , Uu          , Uu          , Rr          , Rr          , Rr          , Uu          , Uu          , Uu          , Xu          , Xu          , Xu          , Uu          , Uu          , Uu          , Uu          , Uu          , Rr          , Rr          , Rr          , Rr          , Uu          , Uu          , Uh          , Uh          , Xu          , Xu          , Uu          , Uu          , Rr          , Rr          , Uu          , Uu          , Xu          , Xu          , Xu          , Xu          , Xu          , Xu          , Xu          , Xu          , Xu          , Xu          , Xu          
Uu          , Uu          , Rr          , Uu          , Uu          , Rr          , Rr          , Rr          , Rr          , Rr          , Uu          , Uu          , Xu          , Xu          , Xu          , Xu          , Xu          , Xu          , Xu          , Uu          , Uu          , Rr          , Rr          , Rr          , Rr          , Uu          , Uu          , Xu          , Xu          , Ql          , Uu          , Rr          , Rr          , Rr          , Uu          , Ql          , Xu          , Xu          , Xu          , Xu          , Xu          , Xu          , Xu          , Xu          , Xu          , Xu          , Xu          
Uu          , Uu          , Rr          , Rr          , Uu          , Uu          , Uu          , Uu          , Xu          , Rr          , Rr          , Uu          , Uu          , Xu          , Xu          , Xu          , Xu          , Xu          , Xu          , Xu          , Uu^Vud      , Uu          , Uu          , Rr          , Rr          , Uu          , Uu          , Uu          , Xu          , Ql          , Uu          , Rr          , Rr          , Uu          , Ql          , Ql          , Xu          , Xu          , Xu          , Xu          , Xu          , Xu          , Xu          , Xu          , Xu          , Xu          , Xu          
Uu          , Uu          , Rr          , Rr          , Uu          , Uu          , Xu          , Xu          , Uu          , Xu          , Xu          , Rr          , Rr          , Uu          , Uu          , Xu          , Xu          , Xu          , Xu          , Xu          , Xu          , Uu          , Uu          , Rr          , Uu          , Uu          , Uu          , Uu          , Xu          , Ql          , Uu          , Rr          , Rr          , Uu          , Xu          , Xu          , Xu          , Xu          , Xu          , Xu          , Xu          , Xu          , Xu          , Xu          , Xu          , Xu          , Xu          
Uu          , Uu          , Rr          , Rr          , Uu          , Xu          , Uu          , Uu          , Uu          , Uu          , Xu          , Uu          , Uu          , Rr          , Rr          , Uu          , Uu          , Xu          , Uu          , Xu          , Xu          , Xu          , Cud         , Rr          , Rr          , Uu          , Uu          , Cud         , Xu          , Ql          , Uu          , Rr          , Rr          , Uu          , Xu          , Xu          , Xu          , Xu          , Xu          , Xu          , Xu          , Xu          , Xu          , Xu          , Xu          , Xu          , Xu          
Uu          , Uu          , Rr          , Uu          , Uh          , Xu          , Uu          , Uu          , Uu          , Uu          , Xu          , Uu          , Uu          , Rr          , Rr          , Rr          , Rr          , Cud         , Rr          , Uu          , Uu^Vud      , Xu          , Uu          , Rr          , Rr          , Uu          , Uu          , Uu          , Xu          , Ql          , Uu          , Rr          , Rr          , Uu          , Xu          , Xu          , Xu          , Uu          , Uu          , Xu          , Xu          , Xu          , Xu          , Xu          , Xu          , Xu          , Xu          
Uu          , Uu          , Rr          , Uu          , Xu          , Xu          , Uu          , Uu          , Uu          , Uu          , Uu          , Xu          , Xu          , Uu          , Uu          , Rr          , Rr          , Rr          , Rr          , Rr          , Rr          , Uu          , Cud         , Rr          , Cud         , Uu          , Uu          , Uu          , Xu          , Uu          , Rr          , Rr          , Rr          , Uu          , Xu          , Xu          , Xu          , Uu          , Uu          , Xu          , Uu          , Xu          , Xu          , Xu          , Uu          , Xu          , Xu          
Uu          , Uu          , Rr          , Uu^Vud      , Xu          , Uh          , Uh          , Uu          , Xu          , Xu          , Xu          , Xu          , Xu          , Uu          , Xu          , Uu          , Uu          , Cud         , Uu          , Rr          , Rr          , Rr          , Rr          , Cud         , Uu^Vud      , Uu          , Uh          , Xu          , Xu          , Uu          , Rr          , Rr          , Uu          , Uu          , Xu          , Xu          , Uu          , Uu          , Uu          , Uu          , Uu          , Uu          , Uu          , Uu          , Uu          , Uu          , Uu          
Uu          , Uu          , Rr          , Uu          , Uh          , Xu          , Uh          , Uh          , Xu          , Uu          , Uu          , Uh          , Uu          , Xu          , Xu          , Xu          , Xu          , Xu          , Xu          , Uu          , Uu          , Rr          , Rr          , 3 Kud       , Uu          , Uu          , Uh          , Xu          , Xu          , Uu          , Rr          , Rr          , Uu          , Ql          , Xu          , Uu          , Uu          , Uu          , Uu          , Uu          , Uu          , Qxu         , Qxu         , Uu          , Ql          , Uu          , Uu          
Uu          , Uu          , Rr          , Uu          , Uu          , Xu          , Xu          , Uh          , Xu          , Uu          , Uu          , Uu          , Uu          , Uu          , Uu          , Xu          , Xu          , Xu          , Xu          , Xu          , Xu          , Uu          , Uu          , Uu          , Xu          , Uh          , Xu          , Xu          , Xu          , Uu          , Rr          , Rr          , Uu          , Ql          , Xu          , Xu          , Uu          , Uu          , Uu          , Uu          , Uu^Vu       , Cud         , 6 Kud       , Qxu         , Ql          , Uu          , Uu          
Uu          , Uu          , Rr          , Rr          , Uu          , Uu          , Uu          , Xu          , Uu          , Uu          , Uu          , Rr          , Uu          , Uu          , Uu          , Uu          , Cud         , Xu          , Xu          , Xu          , Xu          , Xu          , Xu          , Xu          , Xu          , Xu          , Xu          , Xu          , Uu          , Uu          , Rr          , Rr          , Uu          , Ql          , Xu          , Xu          , Uu          , Uu          , Uu          , Uu          , Uu          , Cud         , Qxu         , Qxu         , Ql          , Ql          , Uu          
Uu          , Uu          , Rr          , Uu          , Uu          , Uu          , Uu          , Cud         , Uu          , Uu          , Uu          , Uu          , Uu          , Rr          , Rr          , Uu          , Uu          , Uu^Vud      , Uu          , Xu          , Xu          , Xu          , Xu          , Xu          , Xu          , Xu          , Xu          , Ql          , Uu          , Rr          , Rr          , Rr          , Xu          , Xu          , Xu          , Xu          , Xu          , Uu          , Uu          , Uu          , Uu          , Qxu         , Uu          , Ql          , Uu          , Uu          , Uu          
Uu          , Uu          , Rr          , Rr          , Rr          , Uu          , Uu          , Xu          , Xu          , Xu          , Xu          , Uu          , Xu          , Cud         , Uu          , Rr          , Uu          , Uu          , Uu          , Uu          , Uh          , Xu          , Xu          , Xu          , Xu          , Xu          , Xu          , Ql          , Uu          , Rr          , Rr          , Uu          , Xu          , Xu          , Xu          , Xu          , Xu          , Xu          , Xu          , Xu          , Xu          , Uu          , Xu          , Uu          , Uu          , Uu          , Uu          
Xu          , Uu          , Uu          , Uu          , Rr          , Rr          , Rr          , Uu          , Uu          , Uu^Vud      , Uu          , Xu          , Xu          , Xu          , Uu          , Uu          , Uu          , Uu          , Rr          , Uu          , Uh          , Uh          , Xu          , Xu          , Xu          , Xu          , Xu          , Ql          , Uu          , Rr          , Rr          , Uu          , Xu          , Xu          , Xu          , Xu          , Xu          , Xu          , Xu          , Xu          , Xu          , Xu          , Xu          , Uu          , Uu          , Uu          , Uu          
Xu          , Xu          , Xu          , Uu          , Uu          , Rr          , Rr          , Rr          , Rr          , Uu          , Uu          , Uu          , Xu          , Xu          , Xu          , Uu          , Uu          , Uu          , Uu          , Uu          , Ql          , Uh          , Xu          , Xu          , Xu          , Xu          , Xu          , Ql          , Uu          , Rr          , Rr          , Uu          , Xu          , Xu          , Xu          , Xu          , Xu          , Xu          , Xu          , Xu          , Xu          , Xu          , Xu          , Xu          , Uu          , Uu          , Uu          
Xu          , Xu          , Xu          , Xu          , Xu          , Uu          , Uu          , Uu          , Uu          , Uu          , Rr          , Uu          , Uu          , Xu          , Xu          , Xu          , Xu          , Uu          , Uu          , Uu          , Ql          , Ql          , Xu          , Xu          , Xu          , Xu          , Xu          , Uu          , Rr          , Rr          , Rr          , Uu          , Ql          , Xu          , Xu          , Xu          , Xu          , Xu          , Xu          , Xu          , Xu          , Xu          , Xu          , Xu          , Xu          , Uu          , Uu          
Xu          , Xu          , Xu          , Xu          , Xu          , Xu          , Xu          , Uu          , Uu          , Uu          , Uu          , Rr          , Rr          , Uu          , Cud         , Uu          , Uu          , Uu^Vud      , Cud         , Uu          , Uu          , Ql          , Uh          , Xu          , Xu          , Xu          , Ql          , Uu          , Rr          , Rr          , Uu          , Uu          , Xu          , Xu          , Uh          , Xu          , Xu          , Xu          , Xu          , Xu          , Xu          , Xu          , Xu          , Xu          , Xu          , Xu          , Xu          
Xu          , Xu          , Xu          , Xu          , Xu          , Xu          , Xu          , Xu          , Xu          , Uh          , Uh          , Uu          , Uu          , Rr          , Rr          , Uu          , Uu          , Uu          , Cud         , Uu          , Uu          , Ql          , Uh          , Xu          , Xu          , Xu          , Uu          , Uu          , Rr          , Rr          , Uu          , Ql          , Xu          , Uh          , Uh          , Uh          , Uh          , Xu          , Xu          , Xu          , Xu          , Xu          , Xu          , Xu          , Xu          , Xu          , Xu          
Xu          , Xu          , Xu          , Xu          , Xu          , Xu          , Xu          , Xu          , Xu          , Uh          , Xu          , Uh          , Uu          , Uu          , Cud         , Rr          , Rr          , Rr          , 4 Kud       , Uu          , Uu          , Uu          , Uh          , Xu          , Xu          , Xu          , Uu          , Rr          , Rr          , Rr          , Uu          , Xu          , Uh          , Uh          , Uu          , Uh          , Xu          , Xu          , Xu          , Xu          , Xu          , Xu          , Uh          , Xu          , Uh          , Xu          , Xu          
Xu          , Xu          , Xu          , Xu          , Xu          , Xu          , Xu          , Xu          , Xu          , Xu          , Xu          , Xu          , Xu          , Xu          , Xu          , Uu          , Uu^Vud      , Uu          , Uu          , Rr          , Rr          , Uu          , Uu          , Uh          , Xu          , Xu          , Rr          , Rr          , Rr          , Uu          , Xu          , Xu          , Uh          , Uh          , Uu          , Uh          , Xu          , Uh          , Uu          , Uh          , Uu          , Uh          , Uu          , Uh          , Uu          , Uu          , Uu          
Xu          , Xu          , Xu          , Xu          , Xu          , Xu          , Xu          , Xu          , Xu          , Xu          , Xu          , Xu          , Xu          , Xu          , Xu          , Xu          , Xu          , Uu          , Uh          , Uu          , Uu^Vud      , Rr          , Rr          , Uu          , Xu          , Xu          , Rr          , Rr          , Xu          , Xu          , Xu          , Xu          , Uh          , Uh          , Uu          , Uh          , Uu          , Uu          , Uu          , Uu          , Rr          , Uu          , Uu          , Uu          , Uu          , Uu          , Uu          
Xu          , Xu          , Xu          , Xu          , Xu          , Xu          , Xu          , Xu          , Xu          , Xu          , Xu          , Xu          , Xu          , Xu          , Xu          , Xu          , Xu          , Xu          , Uh          , Uh          , Ql          , Uu          , Uu          , Rr          , Rr          , Xu          , Xu          , Xu          , Xu          , Xu          , Xu          , Xu          , Xu          , Uu          , Xu          , Uu          , Uu          , Uu          , Rr          , Rr          , Uu          , Rr          , Rr          , Rr          , Rr          , Uu          , Uu          
Xu          , Xu          , Xu          , Xu          , Xu          , Xu          , Xu          , Xu          , Xu          , Xu          , Xu          , Xu          , Xu          , Xu          , Xu          , Xu          , Xu          , Xu          , Xu          , Xu          , Xu          , Ql          , Xu          , Uu          , Uu          , Rr          , Uu          , Xu          , Xu          , Xu          , Xu          , Xu          , Xu          , Xu          , Xu          , Xu          , Uu          , Uu          , Rr          , Rr          , Uu          , Uu          , Uu          , Rr          , Rr          , Uu          , Uu          
Mm          , Xu          , Mm          , Xu          , Mm          , Xu          , Xu          , Xu          , Xu          , Xu          , Xu          , Xu          , Xu          , Xu          , Xu          , Xu          , Xu          , Xu          , Xu          , Xu          , Xu          , Xu          , Xu          , Cud         , Uu          , Uu          , Cud         , Xu          , Xu          , Xu          , Xu          , Xu          , Xu          , Xu          , Xu          , Xu          , Uu          , Uu          , Rr          , Uu          , Uu          , Uu          , Uu          , Uu          , Rr          , Uu          , Uu          
Mm          , Mm          , Mm          , Mm          , Mm          , Mm          , Mm          , Xu          , Xu          , Xu          , Xu          , Xu          , Xu          , Xu          , Xu          , Xu          , Xu          , Xu          , Xu          , Xu          , Xu          , Xu          , Xu          , Uu          , Uu          , Rr          , Uu          , Xu          , Xu          , Xu          , Xu          , Xu          , Xu          , Xu          , Xu          , Xu          , Uu          , Uu          , Rr          , Uu          , Uu^Vud      , Xu          , Xu          , Uu          , Rr          , Uu          , Uu          
Mm          , Mm          , Mm          , Mm          , Mm          , Mm          , Mm          , Mm          , Mm          , Xu          , Xu          , Xu          , Xu          , Xu          , Xu          , Xu          , Xu          , Xu          , Xu          , Xu          , Xu          , Xu          , Xu          , Uu          , Uu          , Rr          , Uu^Vud      , Xu          , Xu          , Xu          , Xu          , Xu          , Xu          , Xu          , Ql          , Uu          , Uu          , Rr          , Uu          , Uu          , Ql          , Xu          , Xu          , Uu          , Rr          , Uu          , Uu          
Mm          , Mm          , Mm          , Mm          , Mm          , Mm          , Mm          , Mm          , Mm          , Mm          , Mm          , Xu          , Mm          , Xu          , Xu          , Xu          , Xu          , Xu          , Xu          , Xu          , Xu          , Xu          , Uh          , Uu          , Rr          , Rr          , Uu          , Xu          , Xu          , Xu          , Uh          , Xu          , Xu          , Xu          , Uu          , Uu          , Rr          , Rr          , Uu          , Uu          , Ql          , Xu          , Xu          , Uu          , Rr          , Uu          , Uu          
Mm          , Mm          , Mm          , Mm          , Mm          , Mm          , Mm          , Mm          , Mm          , Mm          , Mm          , Mm          , Mm          , Mm          , Mm          , Mm          , Mm          , Xu          , Xu          , Xu          , Uh          , Uh          , Uh          , Uu          , Rr          , Rr          , Uu          , Uu          , Uu          , Uh          , Uu          , Uu          , Uu          , Cud         , Rr          , Uu          , Uu          , Uu          , Uu          , Ql          , Xu          , Xu          , Uu^Vud      , Uu          , Rr          , Uu          , Uu          
Mm          , Mm          , Mm          , Mm          , Mm          , Mm          , Mm          , Mm          , Mm          , Mm          , Mm          , Mm          , Mm          , Mm          , Mm          , Mm          , Mm          , Mm          , Xu          , Xu          , Uh          , Uh          , Uh          , Uu          , Rr          , Rr          , Rr          , Uu          , Uu          , Uu          , Rr          , Rr          , Rr          , Rr          , Uu          , Uu          , Cud         , Uu          , Xu          , Xu          , Xu          , Uu          , Uu          , Uu          , Rr          , Uu          , Uu          
Mm          , Mm          , Mm          , Mm          , Mm          , Mm          , Mm          , Mm          , Mm          , Mm          , Mm          , Mm          , Mm          , Mm          , Mm          , Mm          , Mm          , Mm          , Xu          , Xu          , Xu          , Uh          , Uh          , Uu          , Uu          , Rr          , Uu          , Uu          , Uu          , Rr          , Uu          , Uu          , Uu          , Uu          , Uu          , Uu          , Xu          , Xu          , Xu          , Xu          , Uu          , Uu          , Rr          , Rr          , Rr          , Uu          , Uu          
Mm          , Mm          , Mm          , Mm          , Mm          , Mm          , Mm          , Mm          , Mm          , Mm          , Mm          , Mm          , Mm          , Mm          , Mm          , Mm          , Mm          , Mm          , Xu          , Xu          , Xu          , Xu          , Xu          , Uu          , Xu          , Uu          , Uh          , Uh          , Uh          , Uu          , Ql          , Ql          , Ql          , Ql          , Xu          , Xu          , Xu          , Xu          , Uu          , Cud         , Rr          , Rr          , Rr          , Rr          , Uu          , Uu          , Uu          
Mm          , Mm          , Mm          , Mm          , Mm          , Mm          , Mm          , Mm          , Mm          , Mm          , Mm          , Mm          , Mm          , Mm          , Mm          , Mm          , Mm          , Mm          , Xu          , Xu          , Xu          , Xu          , Xu          , Xu          , Xu          , Xu          , Xu          , Uh          , Xu          , Uh          , Xu          , Ql          , Xu          , Xu          , Uu          , Xu          , Uu          , Uu          , Rr          , Rr          , Rr          , Rr          , Uu          , Uu          , Uu          , Uu          , Xu          
Mm          , Mm          , Mm          , Mm          , Mm          , Mm          , Mm          , Mm          , Mm          , Mm          , Mm          , Mm          , Mm          , Mm          , Mm          , Mm          , Xu          , Xu          , Xu          , Xu          , Uu^Uf       , Uu^Uf       , Uu^Uf       , Uu^Uf       , Uu          , Xu          , Xu          , Xu          , Xu          , Xu          , Xu          , Xu          , Rr          , Cud         , Uu          , Uu^Vud      , Cud         , Rr          , Cud         , Rr          , Uu          , Uu          , Uu          , Cud         , Xu          , Xu          , Xu          
Mm          , Mm          , Mm          , Mm          , Mm          , Mm          , Mm          , Mm          , Mm          , Mm          , Mm          , Mm          , Mm          , Mm          , Mm          , Mm          , Xu          , Xu          , Uu^Ii       , Uu^Ii       , Rr          , Rr          , Rr          , Uu          , Rr          , Uu          , Uu          , Xu          , Rr          , Xu          , Rr          , Rr          , Rr          , Rr          , Rr          , Rr          , Cud         , 5 Kud       , Cud         , Uu          , Uu          , Uu          , Xu          , Xu          , Xu          , Xu          , Xu          
Mm          , Mm          , Mm          , Mm          , Hh          , Hh          , Hh          , Hh          , Hh          , Hh          , Hh          , Mm          , Mm          , Mm          , Mm          , Xu          , Uu^Ii       , Uu^Ii       , Uu^Ii       , Uu^Ii       , Rr          , Rr          , Rr          , Rr          , Rr          , Rr          , Rr          , Rr          , Rr          , Rr          , Rr          , Rr          , Cud         , Rr          , Rr          , Rr          , Uu          , Uu^Vud      , Uu          , Uu          , Xu          , Xu          , Xu          , Xu          , Xu          , Xu          , Xu          
Mm          , Mm          , Hh          , Hh          , Hh          , Hh          , Hh          , Hh          , Hh          , Hh          , Hh          , Hh          , Hh          , Mm          , Xu          , Xu          , Uu^Ii       , Uu^Ii       , Uu^Ii       , Uu^Ii       , Uu^Uf       , Uu^Uf       , Uu^Uf       , Rr          , Uu          , Rr          , Rr          , Rr          , Uu          , Rr          , Uu^Vud      , Uu          , Xu          , Uu          , Uu          , Uu          , Xu          , Uu          , Xu          , Xu          , Xu          , Xu          , Xu          , Xu          , Xu          , Xu          , Xu          
Hh          , Hh          , Hh          , Hh          , Hh          , Hh          , Hh          , Hh          , Hh          , Hh          , Gs^Fp       , Gs^Fp       , Gg          , Cud         , Rp          , Rp          , Uu^Ii       , Uu^Ii       , Uu^Ii       , Uu^Ii       , Xu          , Uu^Uf       , Xu          , Uu^Uf       , Xu          , Uu          , Uu          , Uu          , Xu          , Xu          , Xu          , Xu          , Xu          , Xu          , Xu          , Xu          , Xu          , Xu          , Xu          , Xu          , Xu          , Xu          , Xu          , Xu          , Xu          , Xu          , Xu          
Hh          , Hh          , Hh          , Hh          , Gg          , Gg          , Gg          , Gg          , Gg          , Gg          , Gg          , Gg          , Rp          , Rp          , Rp          , Rp          , Rp          , Uu^Ii       , Xu          , Xu          , Mm          , Xu          , Mm          , Xu          , Mm          , Xu          , Xu          , Xu          , Xu          , Xu          , Xu          , Xu          , Xu          , Xu          , Xu          , Xu          , Xu          , Xu          , Xu          , Xu          , Xu          , Xu          , Xu          , Xu          , Xu          , Xu          , Xu          
Hh          , Hh          , Gg          , Gg          , Gs^Fp       , Gs^Fp       , Gs^Fp       , Gs^Fp       , Gg          , Gg          , Rp          , Rp          , Rp          , Rp          , Rp          , Rp          , Hh          , Cud         , Mm          , Mm          , Mm          , Mm          , Mm          , Mm          , Mm          , Xu          , Xu          , Xu          , Xu          , Xu          , Xu          , Xu          , Xu          , Xu          , Xu          , Xu          , Xu          , Xu          , Xu          , Xu          , Xu          , Xu          , Xu          , Xu          , Xu          , Xu          , Xu          
Gg          , Gg          , Gs^Fp       , Gs^Fp       , Gs^Fp       , Gs^Fp       , Gg          , Gg          , Rp          , Rp          , Rp          , Rp          , Rp          , Rp          , Gg          , Gg          , Hh          , Hh          , Mm          , Mm          , Mm          , Mm          , Mm          , Mm          , Xu          , Xu          , Xu          , Xu          , Xu          , Xu          , Xu          , Xu          , Xu          , Xu          , Xu          , Xu          , Xu          , Xu          , Xu          , Xu          , Xu          , Xu          , Xu          , Xu          , Xu          , Xu          , Xu          
