border_size=1
usage=map

Aa          , Aa          , Aa          , Aa          , Aa          , Aa          , Aa          , Aa          , Aa          , Ha          , Ha          , Ha          , Ha          , Ha          , Ha          , Ha          , Mm          , Mm          , Mm          , Mm          , Mm          , Mm          , Mm          , Mm          , Mm          , Mm          , Mm          , Mm          , Mm          , Mm          , Mm          , Ha          , Ha          , Ha          , Ha          , Ha          , Ha          , Ha          , Ha          , Ha          , Aa          , Ai          , Ai          , Ai          , Ai          , Ai          , Ai          , Ai          , Ai          , Aa          , Aa          , Aa          
Aa          , Aa          , Aa^Fpa      , Aa          , Aa          , Aa          , Aa          , Aa          , Aa          , Aa          , Aa          , Ha          , Ha          , Ha          , Mm          , Mm          , Mm          , Mm          , Mm          , Mm          , Mm          , Mm          , Mm          , Mm          , Mm          , Mm          , Mm          , Mm          , Mm          , Mm          , Mm          , Mm          , Mm          , Mm          , Mm          , Mm          , Ha          , Ha          , Ha          , Aa          , Ai          , Ai          , Ai          , Ai          , Ai          , Ai          , Aa          , Ai          , Re          , Aa          , Aa^Vha      , Aa          
Aa          , Aa          , Aa^Fpa      , Aa          , Aa          , Aa          , Aa          , Aa          , Aa          , Aa          , Aa          , Aa          , Ha          , Ha          , Mm          , Mm          , Mm          , Mm          , Mm          , Mm          , Mm          , Mm          , Mm          , Mm          , Mm          , Mm          , Mm          , Mm          , Mm          , Mm          , Mm          , Mm          , Mm          , Mm          , Mm          , Mm          , Ha          , Ha^Vhha     , Ha          , Re          , Re          , Ai          , Ai          , Re          , Aa^Vha      , Aa          , Ce          , Ce          , Ce          , Gg          , Aa          , Aa          
Aa          , Aa          , Aa          , Aa^Fpa      , Aa^Fpa      , Aa^Fpa      , Aa          , Aa          , Aa          , Aa          , Aa          , Aa          , Ha          , Ha          , Mm          , Mm          , Mm          , Mm          , Mm          , Mm          , Mm          , Mm          , Mm          , Mm          , Mm          , Mm          , Mm          , Mm          , Mm          , Mm          , Mm          , Mm          , Mm          , Mm          , Mm          , Mm          , Mm          , Ha          , Ha          , Ha          , Ai          , Ai          , Aa          , Re          , Aa          , Aa          , Ce          , 1 Ke        , Ce          , Gg          , Gg          , Gg          
Aa          , Aa          , Aa          , Aa          , Aa^Fpa      , Aa^Fpa      , Aa^Fpa      , Aa^Fpa      , Aa          , Aa          , Aa          , Ha          , Ha          , Ha          , Ha          , Mm          , Mm          , Mm          , Mm          , Mm          , Mm          , Mm          , Mm          , Mm          , Mm          , Mm          , Mm          , Mm          , Mm          , Mm          , Mm          , Mm          , Mm          , Mm          , Mm          , Mm          , Mm          , Ha          , Ha          , Ha          , Aa          , Ai          , Aa          , Aa          , Aa          , Aa          , Aa          , Ce          , Gg          , Gg          , Gg          , Gg          
Aa          , Aa          , Aa          , Aa          , Aa          , Aa^Fpa      , Aa          , Aa^Fpa      , Aa^Fpa      , Aa          , Aa          , Ha          , Ha          , Ha          , Ha          , Mm          , Mm          , Mm          , Mm          , Mm          , Mm          , Mm          , Mm          , Mm          , Mm          , Mm          , Mm          , Mm          , Mm          , Mm          , Mm          , Mm          , Mm          , Mm          , Ha          , Mm          , Ha          , Ha          , Aa          , Aa          , Aa          , Aa          , Aa          , Aa          , Aa          , Gg          , Aa          , Aa          , Aa          , Aa          , Aa          , Aa          
Ha          , Ha          , Ha          , Aa          , Aa^Vha      , Aa          , Aa          , Aa          , Aa^Fpa      , Aa^Fpa      , Aa^Fpa      , Aa          , Aa          , Ha          , Ha          , Ha          , Ha          , Mm          , Mm          , Mm          , Mm          , Mm          , Mm          , Mm          , Mm          , Mm          , Mm          , Mm          , Mm          , Mm          , Mm          , Mm          , Mm          , Mm          , Ha          , Ha          , Ha          , Aa          , Aa          , Aa          , Aa          , Aa          , Gg          , Aa          , Gg          , Gg          , Aa          , Aa          , Aa          , Aa^Vha      , Aa          , Aa          
Ha          , Ha          , Ha          , Ha          , Ha          , Ha          , Ha          , Aa          , Aa          , Aa          , Aa^Fpa      , Aa          , Aa          , Aa          , Aa          , Ha          , Ha          , Mm          , Mm          , Mm          , Mm          , Mm          , Mm          , Mm          , Mm          , Mm          , Mm          , Mm          , Mm          , Mm          , Mm          , Mm          , Mm          , Mm          , Ha          , Ha          , Ha          , Aa          , Aa          , Aa          , Aa          , Gg          , Aa          , Aa          , Aa^Fpa      , Aa^Fpa      , Aa^Fpa      , Aa          , Aa^Fpa      , Aa          , Aa          , Aa          
Ha          , Ha          , Ha          , Ha          , Ha          , Ha          , Ha          , Ha          , Ha          , Aa          , Aa          , Aa^Fpa      , Aa          , Ha          , Ha          , Ha          , Ha          , Ha          , Ha          , Mm          , Mm          , Mm          , Mm          , Mm          , Mm          , Mm          , Mm          , Mm          , Mm          , Mm          , Mm          , Mm          , Mm          , Mm          , Ha          , Ha          , Ha          , Ha          , Aa          , Aa          , Aa          , Aa          , Aa          , Aa^Fpa      , Aa^Fpa      , Aa^Fpa      , Aa^Fpa      , Aa          , Aa          , Aa^Fpa      , Aa^Fpa      , Aa          
Mm          , Ha          , Mm          , Ha          , Ha          , Ha          , Ha          , Ha          , Ha          , Ha          , Ha          , Aa          , Aa          , Ha          , Ha          , Ha          , Ha          , Ha          , Mm          , Mm          , Mm          , Mm          , Mm          , Mm          , Mm          , Mm          , Mm          , Mm          , Mm          , Mm          , Mm          , Mm          , Mm          , Mm          , Ha          , Ha          , Aa          , Aa          , Aa          , Aa          , Gg          , Gg          , Aa          , Aa          , Aa^Fpa      , Aa^Fpa      , Aa^Fpa      , Aa^Fpa      , Aa^Fpa      , Aa^Fpa      , Aa^Fpa      , Aa          
Mm          , Mm          , Mm          , Mm          , Mm          , Mm          , Mm          , Ha          , Ha          , Ha          , Ha          , Aa          , Aa          , Ha          , Ha          , Ha          , Ha          , Ha          , Mm          , Mm          , Mm          , Mm          , Mm          , Mm          , Mm          , Mm          , Mm          , Mm          , Mm          , Mm          , Mm          , Mm          , Ha          , Ha          , Ha          , Ha          , Ha          , Aa          , Aa          , Aa^Vha      , Gg          , Gg          , Aa^Fpa      , Aa^Fpa      , Aa          , Aa^Fpa      , Aa^Fpa      , Aa^Fpa      , Aa^Fpa      , Gg          , Gg          , Aa          
Mm          , Mm          , Mm          , Mm          , Mm          , Mm          , Mm          , Mm          , Ha          , Ha          , Ha          , Ha          , Aa          , Aa          , Ha          , Ha          , Ha          , Ha          , Ha          , Mm          , Mm          , Mm          , Mm          , Mm          , Mm          , Mm          , Mm          , Mm          , Mm          , Mm          , Mm          , Ha          , Ha          , Ha          , Ha          , Ha          , Aa          , Aa          , Aa          , Rr          , Aa          , Aa          , Aa          , Aa          , Aa^Fpa      , Aa^Vha      , Aa          , Aa^Fpa      , Aa^Fpa      , Aa^Fpa      , Aa          , Aa          
Mm          , Mm          , Mm          , Mm          , Mm          , Mm          , Mm          , Mm          , Ha          , Ha          , Ha          , Ha          , Ha          , Aa          , Ha          , Ha          , Ha          , Ha          , Ha          , Ha          , Ha          , Mm          , Mm          , Mm          , Mm          , Mm          , Mm          , Mm          , Mm          , Mm          , Ha          , Ha          , Ha          , Ha          , Aa          , Aa          , Aa^Fpa      , Aa^Fpa      , Aa          , Rr          , Aa^Fpa      , Aa          , Aa^Fpa      , Aa          , Aa^Fpa      , Aa^Fpa      , Aa^Fpa      , Aa          , Aa          , Aa          , Gg          , Aa          
Mm          , Mm          , Mm          , Mm          , Mm          , Mm          , Mm          , Mm          , Mm          , Ha          , Ha          , Ha          , Ha          , Ha          , Ha          , Ha          , Ha          , Ha          , Ha          , Ha          , Ha          , Ha          , Ha          , Ha          , Ha          , Mm          , Ha          , Ha          , Ha          , Ha          , Aa          , Aa          , Aa          , Ha          , Aa          , Aa          , Aa^Fpa      , Aa^Fpa      , Rr          , Aa          , Aa          , Aa^Fpa      , Aa          , Aa          , Aa          , Aa^Fpa      , Aa^Fpa      , Aa          , Aa          , Aa          , Gg          , Aa          
Mm          , Mm          , Mm          , Mm          , Mm          , Mm          , Mm          , Mm          , Mm          , Mm          , Mm          , Ha          , Ha          , Ha          , Ha          , Ha          , Ha          , Ha          , Ha          , Ha^Vhha     , Ha          , Ha          , Ha          , Ha          , Ha          , Ha          , Aa          , Ha          , Aa          , Aa          , Aa          , Aa          , Aa          , Aa          , Rr          , Aa^Fpa      , Rr          , Rr          , Aa          , Aa          , Ha          , Aa          , Aa          , Aa          , Aa          , Aa          , Aa^Fpa      , Aa^Fpa      , Aa^Fpa      , Gg          , Aa          , Aa          
Mm          , Mm          , Mm          , Mm          , Mm          , Mm          , Mm          , Mm          , Mm          , Mm          , Mm          , Mm          , Mm          , Ha          , Ha          , Ha          , Ha          , Ha          , Ha          , Ha          , Ha          , Ha          , Ha          , Ha          , Ha          , Aa          , Aa          , Aa^Fpa      , Aa          , Aa          , Aa          , Aa          , Aa          , Rr          , Rr          , Aa          , Ha          , Ha          , Ha          , Ha          , Mm          , Ha          , Ha          , Ha          , Ha          , Aa          , Aa          , Aa^Fpa      , Aa^Fpa      , Gg          , Aa          , Aa          
Mm          , Mm          , Mm          , Mm          , Mm          , Mm          , Mm          , Mm          , Mm          , Mm          , Mm          , Mm          , Mm          , Mm          , Mm          , Mm          , Mm          , Ha          , Mm          , Ha          , Ha          , Ha          , Ha          , Ha          , Ha          , Aa          , Aa          , Aa^Fpa      , Aa^Fpa      , Aa          , Rr          , Rr          , Aa^Fpa      , Aa^Fpa      , Aa^Fpa      , Ha          , Mm          , Mm          , Mm          , Mm          , Mm          , Mm          , Mm          , Mm          , Mm          , Aa          , Aa          , Aa^Fpa      , Aa^Fpa      , Gg          , Aa          , Aa          
Mm          , Mm          , Mm          , Mm          , Mm          , Mm          , Mm          , Mm          , Mm          , Mm          , Mm          , Mm          , Mm          , Mm          , Mm          , Mm          , Mm          , Mm          , Mm          , Mm          , Ha          , Ha          , Ha          , Ha          , Ha          , Ha          , Aa          , Aa^Fpa      , Aa^Fpa      , Aa          , Rr          , Aa^Fpa      , Aa^Vha      , Aa^Fpa      , Ha          , Ha          , Mm          , Mm          , Mm          , Mm          , Mm          , Mm          , Mm          , Mm          , Mm          , Aa          , Ha          , Ha          , Ha          , Aa          , Aa          , Aa          
Mm          , Mm          , Mm          , Mm          , Mm          , Mm          , Mm          , Mm          , Mm          , Mm          , Mm          , Mm          , Mm          , Mm          , Mm          , Mm          , Mm          , Mm          , Mm          , Mm          , Ha          , Ha          , Ha          , Ha          , Ha          , Ha          , Aa          , Aa          , Aa          , Aa^Fpa      , Rr          , Aa^Fpa      , Aa          , Aa          , Ha          , Mm          , Mm          , Mm          , Mm          , Mm          , Mm          , Mm          , Mm          , Mm          , Mm          , Ha          , Ha          , Ha^Vhha     , Ha          , Aa          , Aa          , Aa          
Mm          , Mm          , Mm          , Mm          , Mm          , Mm          , Mm          , Mm          , Mm          , Mm          , Mm          , Mm          , Mm          , Mm          , Mm          , Mm          , Mm          , Mm          , Mm          , Mm          , Ha          , Ha          , Ha          , Ha          , Ha          , Aa^Fpa      , Aa          , Aa          , Aa          , Aa^Fpa      , Aa          , Aa          , Chr         , Aa          , Ha          , Mm          , Mm          , Mm          , Mm          , Mm          , Mm          , Mm          , Mm          , Mm          , Mm          , Mm          , Mm          , Ha          , Ha          , Gg          , Aa          , Aa          
Mm          , Mm          , Mm          , Mm          , Mm          , Mm          , Mm          , Mm          , Mm          , Mm          , Mm          , Mm          , Mm          , Mm          , Mm          , Mm          , Mm          , Mm          , Mm          , Mm          , Mm          , Ha          , Ha          , Ha          , Ha          , Aa^Fpa      , Aa^Fpa      , Aa          , Aa          , Aa          , Rr          , Khr         , Chr         , Aa          , Ha          , Mm          , Mm          , Mm          , Mm          , Mm          , Mm          , Mm          , Mm          , Mm          , Mm          , Mm          , Mm          , Mm          , Ha          , Gg          , Gg          , Aa          
Mm          , Mm          , Mm          , Mm          , Mm          , Mm          , Mm          , Mm          , Mm          , Mm          , Mm          , Mm          , Mm          , Mm          , Mm          , Mm          , Mm          , Mm          , Mm          , Mm          , Mm          , Ha          , Ha          , Ha          , Ha          , Aa^Fpa      , Aa          , Aa          , Aa^Fpa      , Aa          , Aa^Fpa      , Rr          , Rr          , Aa          , Aa          , Ha          , Ha          , Mm          , Mm          , Mm          , Mm          , Mm          , Mm          , Mm          , Mm          , Mm          , Mm          , Ha          , Ha          , Gg          , Aa          , Aa          
Mm          , Mm          , Mm          , Mm          , Mm          , Mm          , Mm          , Mm          , Mm          , Mm          , Mm          , Mm          , Mm          , Mm          , Mm          , Mm          , Mm          , Mm          , Mm          , Mm          , Mm          , Mm          , Ha          , Ha          , Ha          , Ha          , Aa          , Aa          , Aa^Fpa      , Aa^Fpa      , Aa          , Aa          , Aa          , Aa          , Aa          , Aa          , Ha          , Ha          , Mm          , Mm          , Mm          , Mm          , Mm          , Mm          , Mm          , Mm          , Ha          , Ha          , Ha          , Ha          , Ha          , Aa          
Mm          , Mm          , Mm          , Mm          , Mm          , Mm          , Mm          , Mm          , Mm          , Mm          , Mm          , Mm          , Mm          , Mm          , Mm          , Mm          , Mm          , Mm          , Mm          , Mm          , Mm          , Mm          , Ha          , Ha          , Ha          , Ha          , Aa          , Aa          , Aa          , Aa^Fpa      , Aa^Fpa      , Aa          , Aa^Fpa      , Aa          , Aa          , Aa          , Aa          , Ha          , Ha          , Mm          , Mm          , Mm          , Mm          , Mm          , Mm          , Mm          , Ha          , Ha          , Ha          , Ha          , Aa          , Aa          
Mm          , Mm          , Mm          , Mm          , Mm          , Mm          , Mm          , Mm          , Mm          , Mm          , Mm          , Mm          , Mm          , Mm          , Mm          , Mm          , Mm          , Mm          , Mm          , Mm^Vhh      , Mm          , Mm          , Ha          , Ha          , Ha          , Ha          , Aa^Fpa      , Aa          , Aa          , Aa          , Aa          , Aa          , Aa^Fpa      , Aa^Fpa      , Rr          , Rr          , Aa          , Ha          , Ha          , Mm          , Ha          , Ha          , Ha          , Mm          , Ha          , Ha          , Ha          , Ha          , Aa^Fpa      , Aa^Fpa      , Aa          , Aa          
Mm          , Mm          , Mm          , Mm          , Mm          , Mm          , Mm          , Mm          , Mm          , Mm          , Mm          , Mm          , Mm          , Mm          , Mm          , Mm          , Mm          , Mm          , Mm          , Mm          , Mm          , Ha          , Ha          , Ha          , Aa^Fpa      , Aa^Fpa      , Aa^Fpa      , Aa^Fpa      , Aa          , Aa          , Aa          , Rr          , Rr          , Rr          , Aa          , Aa^Fpa      , Aa^Vha      , Aa          , Aa          , Ha          , Ha          , Ha          , Ha          , Ha          , Ha          , Ha          , Aa^Fpa      , Aa^Fpa      , Aa          , Aa          , Aa          , Aa          
Mm          , Mm          , Mm          , Mm          , Mm          , Mm          , Mm          , Mm          , Mm          , Mm          , Mm          , Mm          , Mm          , Mm          , Mm          , Mm          , Mm          , Mm          , Mm          , Mm          , Mm          , Ha          , Ha          , Ha          , Aa^Fpa      , Aa^Fpa      , Aa^Fpa      , Aa          , Rr          , Aa          , Rr          , Rr          , Rr          , Aa          , Aa          , Aa^Fpa      , Aa          , Aa          , Aa          , Ha          , Aa          , Ha          , Aa          , Ha          , Aa          , Aa^Fpa      , Aa^Fpa      , Aa^Fpa      , Rr          , Rr          , Aa^Fpa      , Aa          
Xu          , Mm          , Xu          , Mm          , Mm          , Mm          , Mm          , Mm          , Mm          , Mm          , Mm          , Mm          , Mm          , Mm          , Mm          , Mm          , Mm          , Mm          , Mm          , Mm          , Mm          , Ha          , Aa          , Aa^Vha      , Aa^Fpa      , Aa^Fpa      , Aa          , Aa          , Aa          , Rr          , Aa          , Rr          , Aa^Fpa      , Aa          , Rr          , Rr          , Aa          , Aa          , Rr          , Aa          , Aa          , Aa          , Aa          , Aa          , Aa          , Rr          , Rr          , Rr          , Aa^Fpa      , Aa^Fpa      , Aa^Fpa      , Aa^Fpa      
Xu          , Xu          , Xu          , Xu          , Xu          , Xu          , Xu          , Mm          , Mm          , Mm          , Mm          , Mm          , Mm          , Mm          , Mm          , Mm          , Mm          , Mm          , Mm          , Mm          , Aa          , Aa          , Aa^Fpa      , Aa^Fpa      , Rr          , Rr          , Rr          , Rr          , Rr          , Aa          , Khr         , Chr         , Aa^Fpa      , Aa          , Aa          , Aa          , Aa          , Aa          , Aa          , Rr          , Rr          , Rr          , Aa^Fpa      , Aa          , Aa^Fpa      , Aa^Vha      , Aa          , Aa          , Aa^Fpa      , Aa^Fpa      , Aa^Fpa      , Aa^Fpa      
Xu          , Xu          , Xu          , Xu          , Xu          , Xu          , Xu          , Xu          , Xu          , Mm          , Mm          , Mm          , Mm          , Mm          , Mm          , Mm          , Cud         , Mm          , Rr          , Rr          , Aa          , Aa          , Rr          , Rr          , Rr          , Rr          , Aa          , Rr          , Aa          , Chr         , Aa^Fpa      , Aa^Fpa      , Aa^Fpa      , Aa          , Aa^Fpa      , Aa          , Aa          , Aa          , Aa          , Aa          , Aa          , Aa          , Aa^Fpa      , Aa^Fpa      , Aa          , Aa          , Aa          , Aa          , Aa          , Aa          , Aa          , Aa          
Xu          , Xu          , Xu          , Xu          , Uh          , Uh          , Uh          , Xu          , Xu          , Xu          , Xu          , Mm          , Mm          , Mm          , Mm          , Mm          , Mm          , Rr          , Rr          , Rr          , Rr          , Rr          , Rr          , Rr          , Rr          , Aa          , Aa          , Aa          , Aa          , Aa^Fpa      , Aa^Fpa      , Aa^Fpa      , Aa^Fpa      , Aa^Fpa      , Aa          , Aa          , Aa          , Aa          , Aa          , Aa          , Ha          , Ha          , Ha          , Ha          , Ha          , Aa          , Ha          , Aa          , Ha          , Aa          , Aa          , Aa          
Xu          , Xu          , Xu          , Xu          , Xu          , Uh          , Xu          , Uh          , Uh          , Xu          , Uh          , Xu          , Xu          , Mm          , Xu          , Mm          , Xu          , Xu          , Cud         , Rr          , Rr          , Rr          , Rr          , Rr          , Rr          , Aa          , Aa          , Aa^Fpa      , Aa          , Aa^Fpa      , Aa          , Aa          , Aa          , Aa          , Aa          , Aa          , Aa          , Aa          , Aa          , Ha          , Ha          , Ha          , Mm          , Ha          , Ha          , Ha          , Ha          , Ha          , Ha          , Ha          , Ha          , Ha          
Xu          , Xu          , Xu          , Xu          , Xu          , Xu          , Xu          , Uu^Vud      , Uh          , Uh          , Uu^Uf       , Uh          , Uu^Uf       , Xu          , Uu^Uf       , Xu          , Cud         , Uu          , Rr          , Rr          , Cud         , Rr          , Rr          , Rr          , Aa          , Aa          , Aa          , Aa          , Aa          , Aa          , Aa          , Aa          , Aa          , Aa          , Aa          , Aa          , Aa          , Aa          , Aa          , Aa          , Ha          , Ha          , Mm          , Mm          , Mm          , Ha          , Mm          , Ha          , Mm          , Mm          , Ha          , Ha          
Xu          , Xu          , Xu          , Xu          , Xu          , Xu          , Xu          , Xu          , Uu^Uf       , Uu^Uf       , Uu^Uf       , Uu^Uf       , Uu^Uf       , Uu^Uf       , Uu          , Uu          , Rr          , Rr          , Cud         , Uu          , Xu          , Xu          , Mm          , Cud         , Ha          , Aa          , Aa          , Aa          , Aa          , Aa^Vha      , Aa          , Aa          , Aa          , Aa          , Aa          , Aa          , Aa          , Aa          , Ha          , Ha          , Mm          , Ha          , Mm          , Mm          , Mm          , Mm          , Mm          , Mm          , Mm          , Mm          , Mm          , Mm          
Xu          , Xu          , Xu          , Xu          , Xu          , Xu          , Uh          , Uh          , Uu^Uf       , Uu^Uf       , Uu^Uf       , Uu          , Cud         , Uu          , Rr          , Rr          , Uu          , Uu          , Uu          , Xu          , Mm          , Mm          , Mm          , Mm          , Mm          , Ha          , Ha          , Aa          , Aa          , Aa          , Aa          , Aa          , Aa^Fpa      , Aa^Fpa      , Aa^Fpa      , Aa          , Aa          , Aa          , Ha          , Ha          , Ha          , Mm          , Mm          , Mm          , Mm          , Mm          , Mm          , Mm          , Mm          , Mm          , Mm          , Mm          
Xu          , Xu          , Xu          , Xu          , Uh          , Uh          , Rr          , Uu          , Rr          , Uu          , Rr          , Cud         , 2 Kud       , Cud         , Rr          , Uu          , Uu          , Uu          , Uu^Uf       , Xu          , Mm          , Mm          , Mm          , Mm          , Mm          , Mm          , Mm          , Ha          , Ha          , Aa          , Aa          , Aa          , Aa          , Aa^Fpa      , Aa          , Aa^Fpa      , Aa          , Aa          , Aa          , Ha          , Mm          , Mm          , Mm          , Mm          , Mm          , Mm          , Mm          , Mm          , Mm          , Mm          , Mm          , Mm          
Xu          , Xu          , Uh          , Uh          , Rr          , Uu          , Rr          , Rr          , Uu          , Rr          , Uu          , Cud         , Cud         , Cud         , Uu^Vud      , Rr          , Uu          , Uu^Uf       , Uu^Uf       , Xu          , Mm          , Mm          , Mm          , Mm          , Mm          , Mm          , Mm          , Mm          , Mm^Vhh      , Ha          , Ha          , Aa          , Aa          , Aa          , Aa          , Aa          , Aa          , Aa          , Ha          , Ha          , Mm          , Mm          , Mm          , Mm          , Mm          , Mm          , Mm          , Mm          , Mm          , Mm          , Mm          , Mm          
Uh          , Xu          , Uh          , Uu          , Rr          , Rr          , Uh          , Uu          , Uh          , Uu          , Uh          , Uh          , Xu          , Xu          , Xu          , Rr          , Rr          , Uu^Uf       , Uu^Uf       , Xu          , Xu          , Mm          , Mm          , Mm          , Mm          , Mm          , Mm          , Mm          , Mm          , Ha          , Ha          , Ha          , Aa          , Aa          , Aa          , Aa          , Aa          , Aa          , Ha          , Ha          , Ha          , Mm          , Ha          , Mm          , Mm          , Mm          , Mm          , Mm          , Mm          , Mm          , Mm          , Mm          
Uh          , Uh          , Rr          , Rr          , Uh          , Uh          , Xu          , Uh          , Xu          , Uu^Vud      , Xu          , Xu          , Xu          , Xu          , Xu          , Uu          , Uu          , Rr          , Uu^Uf       , Uu^Uf       , Uu^Uf       , Xu          , Xu          , Mm          , Mm          , Mm          , Mm          , Mm          , Mm          , Mm          , Ha          , Ha          , Ha          , Aa          , Aa          , Aa          , Aa          , Aa          , Ha          , Ha          , Ha          , Ha          , Ha          , Ha          , Mm          , Mm          , Mm          , Mm          , Mm          , Mm          , Mm          , Mm          
Uu          , Rr          , Uu          , Uh          , Xu          , Xu          , Xu          , Xu          , Xu          , Xu          , Xu          , Xu          , Xu          , Xu          , Xu          , Xu          , Uu          , Rr          , Uu          , Uu^Uf       , Uu          , Uu^Vud      , Uh          , Xu          , Mm          , Mm          , Mm          , Mm          , Mm          , Mm          , Mm          , Mm          , Ha          , Ha          , Ha          , Aa          , Aa          , Aa          , Aa          , Ha          , Ha          , Ha          , Ha          , Ha          , Mm          , Mm          , Mm          , Mm          , Mm          , Mm          , Mm          , Mm          
Rr          , Rr          , Uu          , Uu          , Xu          , Xu          , Xu          , Xu          , Xu          , Xu          , Xu          , Xu          , Xu          , Xu          , Uh          , Uu^Vud      , Uu          , Rr          , Uu          , Uu          , Uu          , Uh          , Uh          , Xu          , Mm          , Mm          , Mm          , Mm          , Mm          , Mm          , Mm          , Mm          , Ha          , Ha          , Ha          , Ha          , Aa          , Aa          , Aa          , Aa          , Aa          , Ha          , Ha          , Ha          , Ha          , Mm          , Mm          , Mm          , Mm          , Mm          , Mm          , Mm          
Uu          , Rr          , Uu^Uf       , Uu          , Xu          , Xu          , Xu          , Xu          , Uh          , Uh          , Xu          , Xu          , Xu          , Xu          , Xu          , Uh          , Uu          , Rr          , Rr          , Uu          , Uu          , Uh          , Uh          , Xu          , Mm          , Mm          , Mm          , Mm          , Mm          , Mm          , Mm          , Mm          , Mm          , Ha          , Ha          , Ha          , Ha          , Aa          , Aa          , Aa          , Aa          , Aa          , Aa          , Ha          , Ha          , Mm          , Mm          , Mm          , Mm          , Mm          , Mm          , Mm          
Uu^Uf       , Wo          , Uu^Uf       , Uu          , Uu^Uf       , Xu          , Xu          , Xu          , Uh          , Xu          , Xu          , Xu          , Xu          , Xu          , Uh          , Uh          , Uu          , Uu          , Rr          , Rr          , Uu          , Uh          , Uh          , Xu          , Mm          , Mm          , Mm          , Mm          , Mm          , Mm          , Mm          , Mm          , Mm          , Mm          , Mm          , Ha          , Ha          , Aa          , Aa^Fpa      , Aa          , Aa^Fpa      , Aa          , Aa          , Aa          , Ha          , Ha          , Mm          , Mm          , Mm          , Mm          , Mm          , Mm          
Wo          , Wo          , Wo          , Wo          , Wo          , Uu^Uf       , Uu^Uf       , Uu^Uf       , Uu          , Uh          , Uh          , Uh          , Uh          , Uh          , Uh          , Uh          , Uu^Vud      , Uu          , Rr          , Rr          , Uu          , Uh          , Uh          , Xu          , Mm          , Mm          , Mm          , Mm          , Mm          , Mm          , Mm          , Mm          , Mm          , Mm          , Mm          , Ha          , Ha          , Aa          , Aa          , Aa^Fpa      , Aa^Fpa      , Aa          , Aa^Fpa      , Aa          , Ha          , Ha          , Ha^Vhha     , Mm          , Mm          , Mm          , Mm          , Mm          
Wo          , Wo          , Wo          , Wo          , Wo          , Wo          , Wo          , Wo          , Uu^Uf       , Uu          , Rr          , Uu          , Rr          , Uu          , Uu          , Rr          , Rr          , Rr          , Cud         , Rr          , Rr          , Uh          , Uh          , Xu          , Xu          , Mm          , Mm          , Mm          , Mm          , Mm          , Mm          , Mm          , Mm          , Mm          , Mm          , Ha          , Ha          , Aa          , Aa          , Aa          , Aa^Fpa      , Aa^Fpa      , Aa^Fpa      , Aa          , Aa          , Ha          , Ha          , Mm          , Mm          , Mm          , Mm          , Mm          
Wo          , Wo          , Wo          , Wo          , Uu^Uf       , Wo          , Uu          , Uu^Uf       , Rr          , Rr          , Uu          , Rr          , Uu          , Rr          , Rr          , Rr          , Rr          , Cud         , 3 Kud       , Cud         , Rr          , Uu          , Uu^Vud      , Uh          , Xu          , Mm          , Mm          , Mm          , Mm          , Mm          , Mm          , Mm          , Mm          , Mm          , Mm          , Mm          , Ha          , Ha          , Ha          , Aa          , Aa^Fpa      , Aa^Fpa      , Aa^Fpa      , Aa          , Aa          , Ha          , Ha          , Ha          , Mm          , Mm          , Mm          , Mm          
Wo          , Wo          , Uu^Uf       , Uu          , Uu          , Uu          , Uh          , Rr          , Uh          , Uu          , Uh          , Uu          , Uh          , Uu          , Uu          , Uu          , Rr          , Cud         , Cud         , Cud         , Rr          , Uh          , Uh          , Xu          , Mm          , Mm          , Mm          , Mm          , Mm          , Mm          , Mm          , Mm          , Mm          , Mm          , Mm          , Mm          , Mm          , Ha          , Ha          , Aa          , Aa^Fpa      , Aa^Fpa      , Aa          , Aa          , Aa          , Ha          , Ha          , Ha          , Ha          , Mm          , Mm          , Mm          
Uu          , Uu^Uf       , Uu          , Uu          , Xu          , Xu          , Xu          , Uh          , Uh          , Uh          , Uh          , Uh          , Xu          , Uh          , Xu          , Uh          , Uu          , Rr          , Rr          , Rr          , Uu          , Uh          , Uh          , Xu          , Mm          , Mm          , Mm          , Mm          , Mm          , Mm          , Mm          , Mm          , Mm          , Mm          , Mm          , Mm          , Mm          , Mm          , Ha          , Ha          , Ha          , Aa          , Aa          , Aa          , Aa          , Aa          , Aa          , Ha          , Ha          , Ha          , Mm          , Mm          
Uu          , Uu          , Uh          , Uh          , Xu          , Xu          , Xu          , Xu          , Xu          , Xu          , Xu          , Xu          , Xu          , Xu          , Xu          , Xu          , Xu          , Uu          , Rr          , Rr          , Uu          , Uh          , Uh          , Xu          , Mm          , Mm          , Mm          , Mm          , Mm          , Mm          , Mm          , Mm          , Mm          , Mm          , Mm          , Mm          , Mm          , Mm          , Ha          , Ha          , Ha          , Aa          , Aa          , Aa          , Aa          , Aa          , Aa          , Aa          , Aa          , Ha          , Ha          , Mm          
Uu          , Uu          , Uh          , Xu          , Xu          , Xu          , Xu          , Xu          , Xu          , Xu          , Xu          , Xu          , Xu          , Xu          , Xu          , Xu          , Xu          , Uu          , Rr          , Rr          , Uu          , Uh          , Uh          , Xu          , Mm          , Mm          , Mm          , Mm          , Mm          , Mm          , Mm          , Mm          , Mm          , Mm          , Xu          , Xu          , Xu          , Mm          , Mm          , Ha          , Ha          , Aa          , Aa          , Aa          , Gg          , Aa          , Aa^Vha      , Aa          , Aa          , Aa          , Aa          , Ha          
Xu          , Uh          , Xu          , Xu          , Xu          , Xu          , Xu          , Xu          , Xu          , Xu          , Xu          , Xu          , Xu          , Xu          , Xu          , Xu          , Xu          , Uu          , Rr          , Rr          , Uu          , Uh          , Uh          , Xu          , Mm          , Mm          , Mm          , Mm          , Mm          , Mm          , Mm          , Mm          , Xu          , Xu          , Uu          , Uu          , Uu          , Mm          , Ha          , Ha          , Ha          , Aa          , Aa          , Aa          , Gg          , Gg          , Gg          , Aa          , Aa          , Gg^Fet      , Gg          , Aa          
Xu          , Xu          , Xu          , Xu          , Xu          , Xu          , Xu          , Xu          , Xu          , Xu          , Xu          , Xu          , Xu          , Xu          , Xu          , Xu          , Uu          , Uu          , Rr          , Rr          , Uh          , Uh          , Uh          , Xu          , Xu          , Mm          , Mm          , Mm          , Mm          , Mm          , Xu          , Xu          , Uu          , Uu          , Xu          , Xu          , Ha          , Ha          , Ha          , Ha          , Ha          , Ha          , Aa          , Aa          , Aa          , Aa          , Aa          , Aa          , Aa          , Gg          , Gg          , Gg          
