border_size=1
usage=map

Xu          , Xu          , Xu          , Xu          , Xu          , Xu          , Xu          , Xu          , Xu          , Xu          , Xu          , Xu          , Xu          , Xu          , Xuc         , Xuc         , Xuc         , Xuc         , Xuc         , Xuc         , Xuc         , Xuc         , Xuc         , Xuc         , Xuc         , Xuc         , Xuc         , Xuc         , Xuc         , Xu          , Xu          , Xu          , Xu          , Xu          , Uu          , Rr          , Rr          , Rr          , Uh          , Xu          , Xu          , Xu          , Xu          , Xu          , Xu          , Xu          , Xu          
Xu          , Xu          , Xu          , Xu          , Xu          , Xu          , Xu          , Xu          , Xu          , Xu          , Xu          , Xu          , Xu          , Xu          , Xuc         , Xuc         , Xuc         , Xuc         , Xuc         , Xuc         , Xuc         , Xuc         , Xuc         , Xuc         , Xuc         , Xuc         , Xuc         , Xuc         , Xuc         , Xuc         , Xuc         , Xu          , Xu          , Xu          , Uh          , Rr          , Rr          , Rr          , Uu          , Xu          , Xu          , Xu          , Xu          , Xu          , Xu          , Xu          , Uu          
Xu          , Xu          , Xu          , Xu          , Xu          , Xu          , Xu          , Xu          , Xu          , Xu          , Xu          , Xu          , Xuc         , Xuc         , Xuc         , Xuc         , Uh          , Xuc         , Ur          , Ur          , Xuc         , Xuc         , Xuc         , Xuc         , Xuc         , Xuc         , Xuc         , Xuc         , Xuc         , Xuc         , Xuc         , Xuc         , Xu          , Xu          , Uh          , Rr          , Rr          , Ur          , Uu^Dr       , Xu          , Xu          , Xu          , Xu          , Xu          , Ur          , Uu          , Xu          
Xu          , Xu          , Xu          , Xu          , Xu          , Xu          , Xu          , Xu          , Xu          , Xu          , Xu          , Xuc         , Xuc         , Xuc         , Xuc         , Uu^Vud      , Uu^Dr       , Ur          , Xu          , Xuc         , Xuc         , Xuc         , Xuc         , Xuc         , Xuc         , Xuc         , Xuc         , Xuc         , Xuc         , Xuc         , Xuc         , Xuc         , Xu          , Xu          , Uh          , Rr          , Rr          , Rr          , Uh          , Xu          , Xu          , Xu          , Ur          , 1 Ur        , Xu          , Xu          , Xu          
Xu          , Xu          , Xu          , Xu          , Xu          , Xu          , Xu          , Xu          , Xu          , Xu          , Xu          , Xu          , Xuc         , Xuc         , Uu^Vud      , Ur^Es       , Ur^Es       , Cud         , 2 Kud       , Xu          , Xu          , Xuc         , Xuc         , Xuc         , Xuc         , Xuc         , Xuc         , Xuc         , Xuc         , Xuc         , Xuc         , Xuc         , Xu          , Xu          , Ur          , Ur          , Rr          , Rr^Dr       , Uu          , Xu          , Ds^Dr       , Rd          , Xu          , Xu          , Xu          , Xu          , Xu          
Xu          , Xu          , Xu          , Xu          , Xu          , Xu          , Xu          , Xu          , Xu          , Xu          , Xu          , Xu          , Xu          , Uh^Dr       , Uu^Dr       , Ur^Es       , Rr^Es       , Cud         , Cud         , Xu          , Xu          , Xuc         , Xuc         , Xuc         , Xuc         , Xuc         , Xuc         , Xuc         , Xuc         , Xuc         , Xuc         , Xu          , Xu          , Xu          , Uu^Dr       , Rr          , Rr          , Rr          , Uu^Dr       , Xu          , Xu          , Xu          , Xu          , Xu          , Xu          , Xu          , Xu          
Xu          , Xu          , Xu          , Xu          , Xu          , Xu          , Xu          , Xu          , Xu          , Xu          , Xu          , Xu          , Xu          , Uh          , Uu^Vud      , Uu          , Rr          , Uu^Es       , Uu          , Xu          , Xu          , Xu          , Xu          , Xuc         , Xuc         , Xuc         , Xuc         , Xuc         , Xuc         , Xu          , Xu          , Xu          , Xu          , Xu          , Uu^Dr       , Rr          , Rr          , Rr          , Uu          , Xu          , Xu          , Xu          , Xu          , Xu          , Xu          , Xu          , Xu          
Xu          , Xu          , Xu          , Xu          , Xu          , Xu          , Xu          , Xu          , Xu          , Xu          , Xu          , Xu          , Xu          , Xu          , Xu          , Cud         , Uu          , Rr^Es       , Rr          , Xu          , Xu          , Xu          , Uh          , Uh          , Qxu         , Xu          , Xu          , Xuc         , Xu          , Xu          , Xu          , Xu          , Xu          , Xu          , Ur          , Rr          , Rr          , Rr          , Uh^Dr       , Xu          , Xu          , Xu          , Xu          , Xu          , Xu          , Xu          , Xu          
Xu          , Xu          , Xu          , Xu          , Xu          , Xu          , Xu          , Xu          , Xu          , Xu          , Xu          , Xu          , Xu          , Xu          , Xu          , Xu          , Xu          , Rr^Es       , Rr^Es       , Uu          , Uu          , Uu^Uf       , Rr          , Uu^Es       , Rr          , Uu^Vud      , Uu          , Xu          , Ql          , Xu          , Ql          , Xu          , Xu          , Xu          , Cud         , Rr          , Rr          , Rr          , Cud         , Xu          , Xu          , Xu          , Xu          , Xu          , Xu          , Xu          , Xu          
Xu          , Xu          , Xu          , Xu          , Xu          , Xu          , Xu          , Xu          , Xu          , Xu          , Xu          , Xu          , Xu          , Xu          , Xu          , Xu          , Xu          , Qxu         , Qxu         , Rr^Es       , Rr^Es       , Rr          , Rr          , Rr^Es       , Rr^Es       , Rr          , Rr^Es       , Uu^Dr       , Uu          , Ql          , Xu          , Xu          , Xu          , Xu          , Cud         , Ur          , Rr          , Ur          , Uu          , Cud         , Xu          , Xu          , Xu          , Xu          , Xu          , Xu          , Xu          
Xu          , Xu          , Xu          , Xu          , Xu          , Xu          , Xu          , Xu          , Xu          , Xu          , Xu          , Xu          , Xu          , Xu          , Xu          , Xu          , Xu          , Xu          , Qxu         , Rr          , Rr          , Rr          , Uu          , Uu          , Uu^Uf       , Rr          , Rr^Es       , Rr^Es       , Rr^Es       , Uu          , Ur          , Xu          , Xu          , Xu          , Cud         , Ur          , Rr          , Rr          , Uu^Dr       , Cud         , Xu          , Xu          , Xu          , Xu          , Xu          , Xu          , Xu          
Xu          , Xu          , Xu          , Xu          , Xu          , Xu          , Xu          , Xu          , Xu          , Xu          , Xu          , Xu          , Xu          , Xu          , Xu          , Xu          , Xu          , Xu          , Rr^Es       , Rr          , Rr          , Uu          , Qxu         , Xu          , Xu          , Uu^Es       , Uu^Uf       , Rr          , Rr          , Rr          , Uu          , Xu          , Uh^Dr       , Uh          , Rr^Esd      , Rr          , Rr          , Rr          , Cud         , Kud         , Xu          , Xu          , Xu          , Xu          , Xu          , Xu          , Xu          
Xu          , Xu          , Xu          , Xu          , Xu          , Xu          , Xu          , Xu          , Xu          , Xu          , Xu          , Xu          , Xu          , Xu          , Xu          , Xu          , Xu          , Qxu         , Qxu         , Rr^Es       , Rr          , Qxu         , Xu          , Xu          , Xu          , Xu          , Xu          , Qxu         , Uu          , Rr          , Rr^Es       , Uh          , Uu          , Uu          , Rr          , Rr          , Uu          , Cud         , Xu          , Xu          , Xu          , Xu          , Xu          , Xu          , Xu          , Xu          , Xu          
Xu          , Xu          , Xu          , Xu          , Xu          , Xu          , Xu          , Xu          , Xu          , Xu          , Xu          , Xu          , Xu          , Xu          , Xu          , Xu          , Xu          , Xu          , Uu          , Qxu         , Qxu^Bs|     , Qxu         , Uu          , Xu          , Xu          , Xu          , Xu          , Xu          , Uh          , Rr^Es       , Rr^Es       , Rr^Es       , Rr          , Rr^Esd      , Rr          , Rr          , Qxu         , Xu          , Xu          , Xu          , Xu          , Xu          , Xu          , Xu          , Xu          , Xu          , Xu          
Xu          , Xu          , Xu          , Xu          , Xu          , Xu          , Xu          , Xu          , Xu          , Xu          , Xu          , Xu          , Xu          , Xu          , Xu          , Xu          , Xu          , Xu          , Uu          , Ur          , Uu^Dr       , Ur          , Rr          , Uu          , Ur          , Xu          , Xu          , Xu          , Xu          , Uu          , Ur          , Rr          , Qxu         , Rr          , Uu          , Qxu         , Xu          , Xu          , Xu          , Xu          , Xu          , Xu          , Xu          , Xu          , Xu          , Xu          , Xu          
Xu          , Xu          , Xu          , Xu          , Xu          , Xu          , Xu          , Xu          , Xu          , Xu          , Xu          , Xu          , Xu          , Xu          , Uu^Es       , Xu          , Uu          , Uu          , Uu          , Rr          , Rr^Es       , Rr          , Rr          , Uu          , Rd          , Uu          , Xu          , Xu          , Xu          , Uh          , Xu          , Qxu         , Uh          , Uh          , Xu          , Xu          , Xu          , Xu          , Uu          , Uh          , Uh          , Uu          , Uu^Uf       , Xu          , Xu          , Xu          , Xu          
Xu          , Xu          , Xu          , Xu          , Xu          , Xu          , Xu          , Xu          , Xu          , Xu          , Xu          , Xu          , Xu          , Uu^Vud      , Uu^Es       , Uu^Es       , Rr^Es       , Rr          , Rr^Es       , Rr^Es       , Rr^Es       , Rr^Es       , Rr          , Xu          , Xu          , Ds^Dr       , Xu          , Xu          , Xu          , Xu          , Xu          , Xu          , Xu          , Xu          , Xu          , Xu          , Xu          , Uu          , Xu          , Xu          , Xu          , Uu          , Uu          , Uh          , Xu          , Xu          , Xu          
Xu          , Xu          , Xu          , Xu          , Xu          , Xu          , Xu          , Xu          , Xu          , Xu          , Xu          , Xu          , Xu          , Uu^Dr       , Uu          , Rr^Es       , Rr          , Rr          , Uu          , Rr^Es       , Uu          , Rr^Es       , Rr^Es       , Xu          , Xu          , Xu          , Uu^Dr       , Uu          , Ql          , Xu          , Xu          , Xu          , Xu          , Xu          , Xu          , Xu          , Xu          , Xu          , Uu          , Uh          , Uu          , Uu          , Uu          , Uu          , Xu          , Xu          , Xu          
Xu          , Xu          , Xu          , Xu          , Uh^Dr       , Xu          , Xu          , Xu          , Xu          , Xu          , Xu          , Xu          , Xu          , Xu          , Qxu         , Rr          , Rr          , Uu          , Xu          , Uu          , Uu^Dr       , Uu          , Uu^Es       , Xu          , Xu          , Ql          , Rr^Es       , Rr          , Rr^Es       , Uu^Dr       , Uu          , Ql          , Ql          , Xu          , Uu^Dr       , Xu          , Uu          , Uu^Dr       , Uu          , Uu^Dr       , Xu          , Xu          , Xu          , Uu          , Uh^Dr       , Xu          , Xu          
Xu          , Xu          , Xu          , Xu          , Xu          , Uh^Dr       , Uh          , Xu          , Uu          , Uue         , Ur          , Xu          , Xu          , Xu          , Uu          , Uu          , Rr          , Uu          , Xu          , Xu          , Uu^Dr       , Uu^Es       , Rr^Es       , Xu          , Xu          , Ql          , Ql          , Rr^Dr       , Rr^Es       , Rr^Es       , Rr          , Uu          , Uu          , Uu          , Xu          , Uu^Dr       , Xu          , Xu          , Uu          , Uh          , Xu          , Xu          , Xu          , Xu          , Uh          , Xu          , Xu          
Xu          , Xu          , Xu          , Xu          , Xu          , Xu          , Xu          , Uu          , Ur          , Ur          , Urb^Dr      , Uue         , Xu          , Xu          , Ur          , Rr          , Rr          , Qxu         , Xu          , Xu          , Xu          , Uu          , Ur^Es       , Xu          , Xu          , Xu          , Xu          , Ql          , Ql          , Rr^Es       , Rr^Es       , Rr^Es       , Rr          , Ql          , Uu^Dr       , Xu          , Xu          , Xu          , Uu^Uf       , Uu^Dr       , Uu          , Xu          , Uh          , Uh          , Uh^Dr       , Xu          , Xu          
Xu          , Xu          , Xu          , Xu          , Xu          , Xu          , Xu          , Xu          , Xu          , Uu          , Xu          , Xu          , Uu          , Ds^Dr       , Rd^Es       , Rr^Es       , Rr^Es       , Uu^Es       , Qxu         , Xu          , Xu          , Xu          , Xu          , Ur^Es       , Uh^Es       , Xu          , Ql          , Ql          , Xu          , Ql          , Ql          , Rr^Es       , Rr^Es       , Ur          , Ql          , Xu          , Xu          , Xu          , Xu          , Uh          , Xu          , Uu          , Xu          , Xu          , Xu          , Xu          , Xu          
Xu          , Xu          , Xu          , Xu          , Xu          , Xu          , Xu          , Xu          , Xu          , Xu          , Xu          , Xu          , Uu          , Rd          , Uu^Es       , Rr^Es       , Rr          , Uu^Vud      , Xu          , Qxu         , Qxu         , Xu          , Xu          , Xu^Es       , Uh^Es       , Uh^Es       , Xu          , Xu          , Xu          , Xu          , Xu          , Ur          , Rr          , Ql          , Uu^Dr       , Ql          , Xu          , Xu          , Xu          , Xu          , Xu          , Xu          , Xu          , Xu          , Xu          , Xu          , Xu          
Xu          , Xu          , Xu          , Xu          , Xu          , Xu          , Xu          , Xu          , Xu          , Xu          , Xu          , Xu          , Xu          , Ur^Es       , Ur          , Rr^Es       , Rr          , Xu          , Xu          , Xu          , Qxu         , Xu          , Xu          , Uh^Es       , Uu          , Xu          , Xu          , Xu          , Xu          , Xu          , Xu          , Ur^Dr       , Rr          , Rr          , Uu^Es       , Uu          , Xu          , Xu          , Xu          , Xu          , Xu          , Xu          , Xu          , Xu          , Xu          , Xu          , Xu          
Xu          , Xu          , Xu          , Xu          , Xu          , Xu          , Xu          , Xu          , Xu          , Xu          , Xu          , Xu          , Xu          , Xu          , Qxu         , Rr          , Rr          , Xu          , Xu          , Xu          , Xu          , Qxu         , Qxu         , Qxu         , Uu          , Xu          , Uu^Vud      , Xu          , Xu          , Ql          , Ql          , Uu^Dr       , Rr^Es       , Rr^Es       , Ql          , Ql          , Ql          , Xu          , Ql          , Xu          , Ql          , Ql          , Ql          , Ql          , Xu          , Xu          , Xu          
Xuc         , Xuc         , Xuc         , Xu          , Xu          , Xu          , Xu          , Xu          , Xu          , Xu          , Xu          , Xu          , Xu          , Uh          , Uu^Uf       , Rr          , Rr^Es       , Uu          , Uu          , Xu          , Xu          , Xu          , Uu          , Qxu^Bs/     , Qxu         , Uh          , Uh          , Xu          , Ql          , Xu          , Ql          , Uu          , Rr^Es       , Rr^Es       , Uu          , Ql          , Xu          , Ql          , Xu          , Ql          , Xu          , Xu          , Ql          , Ql          , Xu          , Xu          , Xu          
Xuc         , Xuc         , Xu          , Xu          , Xu          , Xu          , Xu          , Xu          , Xu          , Xu          , Xu          , Xu          , Xu          , Xu          , Xu          , Uu^Es       , Uu^Es       , Rr^Es       , Rr^Es       , Ur^Es       , Ur^Es       , Uu          , Uu          , Uu          , Xu          , Qxu         , Qxu         , Qxu         , Xu          , Ql          , Ql          , Ql          , Rr          , Rr^Es       , Uu^Dr       , Ql          , Xu          , Xu          , Xu          , Xu          , Xu          , Xu          , Ql          , Xu          , Xu          , Xu          , Xu          
Xuc         , Xuc         , Xu          , Xu          , Xu          , Xu          , Urb         , Xu          , Xu          , Xu          , Xu          , Xu          , Xu          , Xu          , Xu          , Uh^Es       , Uh^Es       , Uu^Es       , Uu          , Rr^Es       , Rr          , Rr          , Rr^Es       , Rr^Es       , Xu          , Xu          , Xu          , Xu          , Xu          , Xu          , Ql          , Uu          , Rr^Es       , Rr^Es       , Uu          , Ur^Dr       , Xu          , Xu          , Xu          , Xu          , Ql          , Ql          , Xu          , Xu          , Xu          , Xu          , Xu          
Xuc         , Xu          , Xu          , Xu          , Uu          , Uu          , Uue         , Ur          , Urb^Dr      , Xu          , Xu          , Xu          , Uh          , Xu          , Xu          , Xu          , Xu          , Xu          , Xu          , Uu          , Uu          , Rr^Es       , Rr          , Rr          , Uu^Vud      , Xu          , Xu          , Xu          , Xu          , Ql          , Uu^Dr       , Rr^Dr       , Rr          , Rr          , Uu          , Ql          , Ql          , Ql          , Ql          , Ql          , Ql          , Xu          , Xu          , Xu          , Xu          , Xu          , Xu          
Xuc         , Xu          , Xu          , Xu          , Xu          , Ur          , Uu          , Urb^Dr      , Xu          , Xu          , Xu          , Xu          , Uu^Es       , Uh          , Uh          , Xu          , Xu          , Xu          , Xu          , Xu          , Uh          , Uu          , Uu          , Rr          , Rr          , Uu          , Uh          , Xu          , Xu          , Ql          , Ql          , Ql          , Rr          , Uu          , Ql          , Ql          , Xu          , Xu          , Xu          , Xu          , Ql          , Xu          , Xu          , Xu          , Xu          , Xu          , Xu          
Xuc         , Xu          , Xu          , Xu          , Xu          , Xu          , Xu          , Xu          , Uu          , Ds^Dr       , Uu          , Uu^Dr       , Rr^Es       , Uu^Es       , Uu^Vud      , Xu          , Xu          , Xu          , Xu          , Xu          , Xu          , Cud         , Cud^Es      , Rr^Es       , Rr^Es       , Ur          , Uu^Vud      , Xu          , Xu          , Ql          , Uu^Es       , Rr          , Rr          , Ur^Dr       , Xu          , Xu          , Xu          , Xu          , Xu          , Xu          , Ql          , Xu          , Xu          , Xu          , Xu          , Xu          , Xu          
Xuc         , Xu          , Uh          , Xu          , Xu          , Xu          , Uu^Uf       , Uh          , Rr^Es       , Rd          , Rr          , Rr          , Rr^Es       , Rr^Es       , Rr^Es       , Uu^Dr       , Uu^Uf       , Xu          , Uh          , Xu          , Xu          , 3 Kud       , Cud         , Rr^Es       , Rr          , Uh          , Uh          , Xu          , Xu          , Ql          , Ur^Es       , Rr^Es       , Rr^Es       , Ql          , Xu          , Xu          , Xu          , Xu          , Xu          , Xu          , Ql          , Xu          , Xu          , Xu          , Xu          , Xu          , Xu          
Xu          , Xu          , Uh          , Uh          , Uu^Emf      , Uu^Uf       , Rr^Es       , Rr^Es       , Rr^Es       , Rr          , Uu^Emf      , Uh^Es       , Uh          , Rr^Es       , Rr^Es       , Rr          , Rr^Es       , Uu^Es       , Rr          , Uu^Dr       , Uu^Vud      , Cud         , Uu          , Rr^Es       , Rr          , Uu          , Xu          , Xu          , Xu          , Ql          , Uu          , Rr^Es       , Rr^Es       , Uu          , Xu          , Xu          , Xu          , Xu          , Xu          , Xu          , Ql          , Xu          , Xu          , Xu          , Xu          , Xu          , Xu          
Qxu         , Xu          , Ur          , Uu          , Rr          , Uu          , Rr^Es       , Rr^Es       , Uu^Uf       , Uu^Emf      , Xu          , Xu          , Xu          , Uh          , Uu^Es       , Rr^Es       , Rr          , Rr^Es       , Rr          , Uu          , Rr          , Uu          , Rr          , Rr          , Rr          , Uh          , Xu          , Xu          , Xu          , Ql          , Ql          , Rr^Es       , Rr          , Uu^Dr       , Xu          , Xu          , Xu          , Uu^Dr       , Uu          , Xu          , Uu^Dr       , Xu          , Xu          , Xu          , Xu          , Xu          , Xu          
Xu          , Qxu         , Qxu         , Rr          , Rr          , Rr          , Uh          , Uu^Uf       , Xu          , Xu          , Xu          , Xu          , Xu          , Xu          , Xu          , Uu          , Uu^Dr       , Uu          , Uu          , Rr          , Rr          , Rr          , Rr          , Rr          , Uu          , Uu          , Xu          , Xu          , Ql          , Ql          , Rr^Es       , Rr^Es       , Uu          , Ds^Dr       , Xu          , Xu          , Uu          , Uu          , Ur          , Uu          , Uu          , Uu          , Uu^Dr       , Xu          , Xu          , Xu          , Xu          
Xuc         , Uu^Emf      , Qxu         , Rr          , Ur          , Uu          , Xu          , Xu          , Xu          , Xu          , Uh          , Xu          , Uh^Dr       , Xu          , Xu          , Xu          , Xu          , Xu          , Xu          , Uu^Dr       , Uu          , Rr          , Uu          , Uu          , Xu          , Uh          , Ql          , Ql          , Xu          , Uu          , Ql          , Rr^Es       , Ur^Emf      , Xu          , Xu          , Ur^Es       , Ur^Es       , Ur^Es       , Ur^Es       , Uu^Es       , Ur          , Ql          , Ql          , Uu          , Xu          , Xu          , Xu          
Xuc         , Uu^Emf      , Rr          , Qxu^Bs/     , Qxu         , Xu          , Qxu         , Xu          , Qxu         , Xu          , Ur          , Uu^Vud      , Rr          , Uu          , Uu^Uf       , Xu          , Xu          , Xu          , Xu          , Xu          , Xu          , Uu^Dr       , Uh^Dr       , Uh          , Xu          , Xu          , Xu          , Xu          , Xu          , Uu^Es       , Rr^Es       , Rr^Es       , Uu          , Xu          , Xu          , Xu          , Uu          , Ur^Es       , Uu^Dr       , Ur          , Xu          , Cud         , 6 Kud       , Ql          , Ql          , Xu          , Xu          
Xuc         , Uu^Es       , Ur^Es       , Rr          , Rr          , Qxu         , Ur          , Qxu         , Ur          , Qxu         , Qxu^Bs/     , Rr          , Uu          , Rr          , Uu          , Uh          , Uh          , Xu          , Xu          , Xu          , Xu          , Xu          , Xu          , Xu          , Xu          , Xu          , Xu          , Xu          , Uu          , Uu^Emf      , Rr^Es       , Rr          , Uu^Dr       , Ql          , Ql          , Ql          , Ql          , Uu          , Uu          , Ur          , Uu          , Cud         , Ql          , Ql          , Ql          , Ql          , Xu          
Xuc         , Uu^Uf       , Rr          , Ur^Es       , Rr^Es       , Rr          , Ur          , Rr          , Uu          , Rr          , Qxu         , Ur          , Uu          , Rr          , Rr          , Uu          , Uu^Vud      , Uu^Uf       , Uu^Uf       , Xu          , Xu          , Xu          , Xu          , Xu          , Xu          , Xu          , Xu          , Ql          , Ur          , Ql          , Rr^Es       , Rr^Dr       , Xu          , Xu          , Xu          , Xu          , Xu          , Uu          , Uu^Dr       , Uu          , Uu          , Ql          , Xu          , Ql          , Xu          , Xu          , Xu          
Xuc         , Uu^Emf      , Rr          , Rr          , Rr          , Ur^Es       , Ur          , Xu          , Xu          , Xu          , Qxu         , Uu^Dr       , Xu          , Uh          , Uu          , Rr          , Ur          , Uu^Dr       , Uu          , Uu^Uf       , Uh^Dr       , Xu          , Xu          , Xu          , Xu          , Xu          , Xu          , Ql          , Uu          , Rr^Es       , Rr^Es       , Ur          , Xu          , Xu          , Xu          , Xu          , Xu          , Xu          , Xu          , Xu          , Uh          , Ql          , Xu          , Xu          , Xu          , Xu          , Xu          
Xu          , Xuc         , Xuc         , Uu          , Rr          , Rr          , Rr          , Uu^Vud      , Uh          , Cud         , 4 Kud       , Xu          , Xu          , Xu          , Uh          , Ur          , Uh          , Uu          , Rr          , Ur          , Uh          , Uh          , Xu          , Xu          , Xu          , Xu          , Xu          , Ql          , Ur          , Rr^Es       , Rr^Es       , Ql          , Xu          , Xu          , Xu          , Xu          , Xu          , Xu          , Xu          , Xu          , Uh^Dr       , Ql          , Ql          , Xu          , Xu          , Xu          , Xu          
Xu          , Xu          , Xu          , Uu          , Ur          , Rr          , Uu          , Rr          , Uu          , Cud         , Cud         , Cud^Es      , Xu          , Xu          , Xu          , Uu^Vud      , Xu          , Uu          , Uu          , Uu^Es       , Ql          , Uh          , Ql          , Ql          , Ql          , Xu          , Ql          , Ql          , Uu^Dr       , Rr^Es       , Rr^Es       , Ur^Emf      , Xu          , Xu          , Xu          , Xu          , Xu          , Xu          , Xu          , Xu          , Xu          , Uh          , Ql          , Xu          , Xu          , Xu          , Xu          
Xu          , Xu          , Xu          , Uh          , Uh          , Uu          , Uu          , Rr          , Rr          , Ur          , Rr          , Uh          , Uu^Vud      , Xu          , Xu          , Xu          , Xu          , Xu          , Ur^Es       , Ur^Es       , Ql          , Ql          , Xu          , Xu          , Ql          , Ql          , Xu          , Uu^Dr       , Ql          , Rr          , Rr^Es       , Ur^Emf      , Ql          , Xu          , Xu          , Xu          , Xu          , Xu          , Uh          , Xu          , Uh^Dr       , Uh          , Ql          , Ql          , Xu          , Xu          , Xu          
Xu          , Xu          , Xu          , Uh          , Xu          , Xu          , Xu          , Uu^Vud      , Ur^Es       , Rr          , Rr^Es       , Rr^Es       , Rr^Es       , Ur          , Rr^Es       , Xu          , Xu          , Xu          , Uh          , Uu          , Uu          , Ql          , Uh          , Xu          , Xu          , Xu          , Ql          , Ur^Es       , Rr          , Rr^Es       , Uu          , Uu^Dr       , Xu          , Ql          , Uh          , Xu          , Uh          , Uh^Dr       , Ql          , Uh          , Ql          , Uh          , Ql          , Xu          , Xu          , Xu          , Xu          
Xu          , Xu          , Xu          , Xu          , Xu          , Xu          , Xu          , Uh          , Uh          , Uh^Es       , Uh          , Ur^Es       , Rr^Es       , Rr^Es       , Rr          , Uh          , Uu          , Uh          , Rr          , Ur          , Uu          , Ql          , Uh          , Xu          , Xu          , Xu          , Uu^Emf      , Ur^Emf      , Rr          , Rr^Es       , Ur          , Ql          , Ql          , Ql          , Uh          , Uh          , Uh          , Ql          , Xu          , Ql          , Xu          , Ql          , Xu          , Xu          , Xu          , Xu          , Xu          
Xu          , Xu          , Xu          , Xu          , Xu          , Xu          , Xu          , Uh          , Xu          , Uh          , Xu          , Uh          , Uu^Uf       , Ur          , Ur          , Rr          , Uu          , Rr          , Rr          , Rr          , Rr          , Uu^Dr       , Uh          , Xu          , Xu          , Xu          , Ur^Es       , Ql          , Rr^Es       , Rr^Es       , Ql          , Xu          , Xu          , Ql          , Uu          , Uh          , Xu          , Xu          , Xu          , Xu          , Xu          , Ql          , Xu          , Xu          , Xu          , Xu          , Xu          
Xu          , Xu          , Xu          , Xu          , Xu          , Xu          , Xu          , Xu          , Xu          , Xu          , Xu          , Xu          , Xu          , Xu          , Xu          , Uu          , Uu          , Uu          , Ur          , Rr          , Rr          , Uu          , Uu          , Uh          , Xu          , Xu          , Rd          , Rr^Es       , Rr^Es       , Ql          , Ql          , Xu          , Xu          , Uh          , Uu          , Uh          , Xu          , Uh^Dr       , Uu^Dr       , Xu          , Ql          , Ql          , Xu          , Xu          , Xu          , Xu          , Xu          
Xu          , Xu          , Xu          , Xu          , Xu          , Xu          , Xu          , Xu          , Xu          , Xu          , Xu          , Xu          , Xu          , Xu          , Xu          , Xu          , Xu          , Uu          , Uh          , Rr          , Rr          , Rr          , Rr          , Uu          , Xu          , Xu          , Ds^Dr       , Rr^Es       , Xu          , Xu          , Ql          , Ql          , Xu          , Xu          , Uu          , Uh          , Rr          , Uu          , Uu          , Ql          , Uh^Dr       , Xu          , Xu          , Xu          , Xu          , Xu          , Xu          
Xu          , Xu          , Xu          , Xu          , Xu          , Xu          , Xu          , Xu          , Xu          , Xu          , Xu          , Xu          , Xu          , Xu          , Xu          , Xu          , Xu          , Uu^Uf       , Uh          , Uh          , Uu          , Uu          , Rr^Es       , Uu^Es       , Ds^Dr       , Xu          , Xu          , Xu          , Xu          , Xu          , Xu          , Ql          , Xu          , Xu          , Xu          , Uu          , Rr          , Rr          , Rr^Dr       , Uu          , Uu          , Uh          , Xu          , Xu          , Xu          , Xu          , Xu          
Xu          , Xu          , Xu          , Xu          , Xu          , Xu          , Xu          , Xu          , Xu          , Xu          , Xu          , Xu          , Xu          , Xu          , Xu          , Xu          , Xu          , Xu          , Xu          , Uu^Uf       , Uu^Es       , Rr          , Rr^Es       , Rd          , Rr          , Ur^Dr       , Uu^Uf       , Xu          , Xu          , Xu          , Xu          , Ql          , Xu          , Xu          , Xu          , Xu          , Uu          , Rr          , Rr          , Rr          , Uu          , Ur          , Xu          , Xu          , Xu          , Xu          , Xu          
Mm          , Xu          , Mm          , Xu          , Mm          , Xu          , Xu          , Xu          , Xu          , Xu          , Xu          , Xu          , Xu          , Xu          , Xu          , Xu          , Xu          , Xu          , Xu          , Xu          , Xu          , Uu^Es       , Ur          , Rr^Es       , Uu          , Rr          , Uu^Uf       , Xu          , Xu          , Xu          , Xu          , Ql          , Ql          , Xu          , Xu          , Xu          , Uh          , Uu^Dr       , Rr          , Rr          , Uu          , Uh          , Xu          , Xu          , Xu          , Xu          , Xu          
Mm          , Mm          , Mm          , Mm          , Mm          , Mm          , Mm          , Xu          , Xu          , Xu          , Xu          , Xu          , Xu          , Xu          , Xu          , Xu          , Xu          , Xu          , Xu          , Xu          , Xu          , Xu          , Xu          , Uu          , Rr          , Rr          , Uu          , Xu          , Xu          , Xu          , Xu          , Xu          , Xu          , Ql          , Xu          , Xu          , Uh          , Uh^Dr       , Rr          , Rr          , Uh          , Ur^Dr       , Xu          , Xu          , Xu          , Xu          , Xu          
Mm          , Mm          , Mm          , Mm          , Mm          , Mm          , Mm          , Mm          , Mm          , Xu          , Xu          , Xu          , Xu          , Xu          , Xu          , Xu          , Xu          , Xu          , Xu          , Xu          , Xu          , Xu          , Xu          , Uu^Dr       , Rr          , Rr          , Uu^Uf       , Xu          , Xu          , Xu          , Xu          , Xu          , Xu          , Ql          , Ql          , Uu^Dr       , Rr          , Rr          , Rr          , Rr^Dr       , Uu^Vud      , Uu          , Xu          , Xu          , Xu          , Xu          , Xu          
Mm          , Mm          , Mm          , Mm          , Mm          , Mm          , Mm          , Mm          , Mm          , Mm          , Mm          , Xu          , Mm          , Xu          , Xu          , Xu          , Xu          , Xu          , Xu          , Xu          , Xu          , Xu          , Uh          , Uu          , Rr          , Rr          , Uu^Dr       , Xu          , Xu          , Xu          , Uh^Dr       , Xu          , Cud         , Cud^Esd     , Uu          , Uu          , Rr          , Rr          , Uu^Esd      , Ur          , Uu          , Uh          , Xu          , Xu          , Xu          , Xu          , Xu          
Mm          , Mm          , Mm          , Mm          , Mm          , Mm          , Mm          , Mm          , Mm          , Mm          , Mm          , Mm          , Mm          , Mm          , Mm          , Mm          , Mm          , Xu          , Xu          , Xu          , Xu          , Uh^Dr       , Uh          , Uu          , Rr^Es       , Rr^Es       , Rr          , Uu          , Uu          , Uh          , Uu          , Uu          , Uu          , Uh          , Rr          , Rr          , Uu          , Uu          , Uh          , Ur^Esd      , Xu          , Xu          , Xu          , Xu          , Xu          , Xu          , Xu          
Mm          , Mm          , Mm          , Mm          , Mm          , Mm          , Mm          , Mm          , Mm          , Mm          , Mm          , Mm          , Mm          , Mm          , Mm          , Mm          , Mm          , Mm          , Xu          , Xu          , Xu          , Uh^Dr       , Uh          , Uu^Dr       , Rr^Es       , Rr^Es       , Rr          , Rr^Es       , Rr^Es       , Uu          , Rr          , Rr          , Rr          , Uu          , Uu          , Uu          , Qxu         , Qxu         , Xu          , Xu          , Xu          , Xu          , Xu          , Xu          , Xu          , Xu          , Xu          
Mm          , Mm          , Mm          , Mm          , Mm          , Mm          , Mm          , Mm          , Mm          , Mm          , Mm          , Mm          , Mm          , Mm          , Mm          , Mm          , Mm          , Mm          , Xu          , Xu          , Xu          , Xu          , Xu          , Uu^Uf       , Ur          , Rr          , Ur          , Rr          , Rr          , Rr          , Ur          , Rr          , Rr          , Rr          , Qxu         , Qxu         , Cud         , Cud         , Xu          , Xu          , Xu          , Xu          , Xu          , Xu          , Xu          , Xu          , Xu          
Mm          , Mm          , Mm          , Mm          , Mm          , Mm          , Mm          , Mm          , Mm          , Mm          , Mm          , Mm          , Mm          , Mm          , Mm          , Mm          , Mm          , Mm          , Xu          , Xu          , Xu          , Xu          , Xu          , Xu          , Xu          , Uu^Uf       , Uh          , Uh          , Qxu         , Uu          , Uu          , Uu          , Qxu         , Qxu^Bs\     , Ur          , Uu          , Xu          , Xu          , Xu          , Xu          , Xu          , Xu          , Xu          , Xu          , Xu          , Xu          , Xu          
Mm          , Mm          , Mm          , Mm          , Mm          , Mm          , Mm          , Mm          , Mm          , Mm          , Mm          , Mm          , Mm          , Mm          , Mm          , Mm          , Mm          , Mm          , Xu          , Xu          , Xu          , Xu          , Xu          , Xu          , Xu          , Xu          , Xu          , Qxu         , Xu          , Qxu         , Qxu         , Qxu         , Rr          , Rr          , Uu          , Uu          , Xu          , Xu          , Xu          , Xu          , Xu          , Xu          , Xu          , Xu          , Xu          , Xu          , Xu          
Mm          , Mm          , Mm          , Mm          , Mm          , Mm          , Mm          , Mm          , Mm          , Mm          , Mm          , Mm          , Mm          , Mm          , Mm          , Mm          , Xu          , Xu          , Xu          , Xu          , Uu^Uf       , Uu^Uf       , Uu^Uf       , Uu^Uf       , Uu^Es       , Xu          , Xu          , Xu          , Xu          , Cud         , Cud         , Cud         , Rr          , Rr          , Uu          , Uu^Vud      , Cud         , Xu          , Cud         , Xu          , Xu          , Xu          , Xu          , Xu          , Xu          , Xu          , Xu          
Mm          , Mm          , Mm          , Mm          , Mm          , Mm          , Mm          , Mm          , Mm          , Mm          , Mm          , Mm          , Mm          , Mm          , Mm          , Mm          , Xu          , Xu          , Uu^Ii       , Uu^Ii       , Rr          , Rr          , Rr^Es       , Uu^Dr       , Rr^Es       , Uu^Es       , Uu^Es       , Xu          , Rr          , Uu          , Rr          , Rr          , Rr          , Rr          , Rr          , Rr          , Cud         , 5 Kud       , Cud         , Xu          , Xu          , Xu          , Xu          , Xu          , Xu          , Xu          , Xu          
Mm          , Mm          , Mm          , Mm          , Hh          , Hh          , Hh          , Hh          , Hh          , Hh          , Hh          , Mm          , Mm          , Mm          , Mm          , Xu          , Uu^Ii       , Uu^Ii       , Rr^Ii       , Rr^Ii       , Rr          , Rr^Es       , Rr^Es       , Rr          , Rr          , Rr          , Rr^Es       , Rr          , Rr          , Rr          , Rr          , Rr          , Uu          , Rr          , Rr          , Rr          , Uu          , Uu^Uf       , Xu          , Xu          , Xu          , Xu          , Xu          , Xu          , Xu          , Xu          , Xu          
Mm          , Mm          , Hh          , Hh          , Hh          , Hh          , Hh          , Hh          , Hh          , Hh          , Hh          , Hh          , Hh          , Mm          , Xu          , Xu          , Rr^Ii       , Rr^Ii       , Rr^Ii       , Rr^Ii       , Uu^Uf       , Uu^Uf       , Uu^Uf       , Rr^Es       , Uu^Es       , Rr^Es       , Rr          , Rr^Es       , Uu          , Rr          , Cud^Esd     , Cud         , Cud         , Uu^Vud      , Uu          , Uu^Vud      , Xu          , Xu          , Xu          , Xu          , Xu          , Xu          , Xu          , Xu          , Xu          , Xu          , Xu          
Hh          , Hh          , Hh          , Hh          , Hh          , Hh          , Hh          , Hh          , Hh          , Hh          , Gs^Fp       , Gs^Fp       , Gg          , Cud         , Rp          , Rp          , Rr^Ii       , Rr^Ii       , Uu^Ii       , Uu^Ii       , Xu          , Uu^Uf       , Xu          , Uu^Uf       , Xu          , Uu          , Uu^Dr       , Uu          , Xu          , Xu          , Xu          , Xu          , Xu          , Xu          , Xu          , Xu          , Xu          , Xu          , Xu          , Xu          , Xu          , Xu          , Xu          , Xu          , Xu          , Xu          , Xu          
Hh          , Hh          , Hh          , Hh          , Gg          , Gg          , Gg          , Gg          , Gg          , Gg          , Gg          , Gg          , Rp          , Rp          , Rp          , Rp          , Rp          , Uu^Ii       , Xu          , Xu          , Mm          , Xu          , Mm          , Xu          , Mm          , Xu          , Xu          , Xu          , Xu          , Xu          , Xu          , Xu          , Xu          , Xu          , Xu          , Xu          , Xu          , Xu          , Xu          , Xu          , Xu          , Xu          , Xu          , Xu          , Xu          , Xu          , Xu          
Hh          , Hh          , Gg          , Gg          , Gs^Fp       , Gs^Fp       , Gs^Fp       , Gs^Fp       , Gg          , Gg          , Rp          , Rp          , Rp          , Rp          , Rp          , Rp          , Hh          , Cud         , Mm          , Mm          , Mm          , Mm          , Mm          , Mm          , Mm          , Xu          , Xu          , Xu          , Xu          , Xu          , Xu          , Xu          , Xu          , Xu          , Xu          , Xu          , Xu          , Xu          , Xu          , Xu          , Xu          , Xu          , Xu          , Xu          , Xu          , Xu          , Xu          
Gg          , Gg          , Gs^Fp       , Gs^Fp       , Gs^Fp       , Gs^Fp       , Gg          , Gg          , Rp          , Rp          , Rp          , Rp          , Rp          , Rp          , Gg          , Gg          , Hh          , Hh          , Mm          , Mm          , Mm          , Mm          , Mm          , Mm          , Xu          , Xu          , Xu          , Xu          , Xu          , Xu          , Xu          , Xu          , Xu          , Xu          , Xu          , Xu          , Xu          , Xu          , Xu          , Xu          , Xu          , Xu          , Xu          , Xu          , Xu          , Xu          , Xu          
